Archive member included because of file (symbol)

d:/engineering/embedded/imt_dip/embedded-tools/winavr/bin/../lib/gcc/avr/4.3.3/avr5\libgcc.a(_mulsi3.o)
                              ./Drivers/HAL/LCD/LCD_program.o (__mulsi3)
d:/engineering/embedded/imt_dip/embedded-tools/winavr/bin/../lib/gcc/avr/4.3.3/avr5\libgcc.a(_divmodsi4.o)
                              ./Drivers/HAL/LCD/LCD_program.o (__divmodsi4)
d:/engineering/embedded/imt_dip/embedded-tools/winavr/bin/../lib/gcc/avr/4.3.3/avr5\libgcc.a(_exit.o)
                              d:/engineering/embedded/imt_dip/embedded-tools/winavr/bin/../lib/gcc/avr/4.3.3/../../../../avr/lib/avr5/crtm32.o (exit)
d:/engineering/embedded/imt_dip/embedded-tools/winavr/bin/../lib/gcc/avr/4.3.3/avr5\libgcc.a(_copy_data.o)
                              ./SRC/Alarm.o (__do_copy_data)
d:/engineering/embedded/imt_dip/embedded-tools/winavr/bin/../lib/gcc/avr/4.3.3/avr5\libgcc.a(_clear_bss.o)
                              ./SRC/TempUpdate.o (__do_clear_bss)
d:/engineering/embedded/imt_dip/embedded-tools/winavr/bin/../lib/gcc/avr/4.3.3/avr5\libgcc.a(_fixunssfsi.o)
                              ./SRC/TempUpdate.o (__fixunssfsi)
d:/engineering/embedded/imt_dip/embedded-tools/winavr/bin/../lib/gcc/avr/4.3.3/avr5\libgcc.a(_addsub_sf.o)
                              ./Drivers/HAL/LCD/LCD_program.o (__subsf3)
d:/engineering/embedded/imt_dip/embedded-tools/winavr/bin/../lib/gcc/avr/4.3.3/avr5\libgcc.a(_mul_sf.o)
                              ./SRC/TempUpdate.o (__mulsf3)
d:/engineering/embedded/imt_dip/embedded-tools/winavr/bin/../lib/gcc/avr/4.3.3/avr5\libgcc.a(_ge_sf.o)
                              d:/engineering/embedded/imt_dip/embedded-tools/winavr/bin/../lib/gcc/avr/4.3.3/avr5\libgcc.a(_fixunssfsi.o) (__gesf2)
d:/engineering/embedded/imt_dip/embedded-tools/winavr/bin/../lib/gcc/avr/4.3.3/avr5\libgcc.a(_si_to_sf.o)
                              ./Drivers/HAL/LCD/LCD_program.o (__floatsisf)
d:/engineering/embedded/imt_dip/embedded-tools/winavr/bin/../lib/gcc/avr/4.3.3/avr5\libgcc.a(_sf_to_si.o)
                              ./Drivers/HAL/LCD/LCD_program.o (__fixsfsi)
d:/engineering/embedded/imt_dip/embedded-tools/winavr/bin/../lib/gcc/avr/4.3.3/avr5\libgcc.a(_thenan_sf.o)
                              d:/engineering/embedded/imt_dip/embedded-tools/winavr/bin/../lib/gcc/avr/4.3.3/avr5\libgcc.a(_addsub_sf.o) (__thenan_sf)
d:/engineering/embedded/imt_dip/embedded-tools/winavr/bin/../lib/gcc/avr/4.3.3/avr5\libgcc.a(_usi_to_sf.o)
                              ./SRC/TempUpdate.o (__floatunsisf)
d:/engineering/embedded/imt_dip/embedded-tools/winavr/bin/../lib/gcc/avr/4.3.3/avr5\libgcc.a(_udivmodsi4.o)
                              d:/engineering/embedded/imt_dip/embedded-tools/winavr/bin/../lib/gcc/avr/4.3.3/avr5\libgcc.a(_divmodsi4.o) (__udivmodsi4)
d:/engineering/embedded/imt_dip/embedded-tools/winavr/bin/../lib/gcc/avr/4.3.3/avr5\libgcc.a(_prologue.o)
                              d:/engineering/embedded/imt_dip/embedded-tools/winavr/bin/../lib/gcc/avr/4.3.3/avr5\libgcc.a(_addsub_sf.o) (__prologue_saves__)
d:/engineering/embedded/imt_dip/embedded-tools/winavr/bin/../lib/gcc/avr/4.3.3/avr5\libgcc.a(_epilogue.o)
                              d:/engineering/embedded/imt_dip/embedded-tools/winavr/bin/../lib/gcc/avr/4.3.3/avr5\libgcc.a(_addsub_sf.o) (__epilogue_restores__)
d:/engineering/embedded/imt_dip/embedded-tools/winavr/bin/../lib/gcc/avr/4.3.3/avr5\libgcc.a(_clzsi2.o)
                              d:/engineering/embedded/imt_dip/embedded-tools/winavr/bin/../lib/gcc/avr/4.3.3/avr5\libgcc.a(_si_to_sf.o) (__clzsi2)
d:/engineering/embedded/imt_dip/embedded-tools/winavr/bin/../lib/gcc/avr/4.3.3/avr5\libgcc.a(_pack_sf.o)
                              d:/engineering/embedded/imt_dip/embedded-tools/winavr/bin/../lib/gcc/avr/4.3.3/avr5\libgcc.a(_addsub_sf.o) (__pack_f)
d:/engineering/embedded/imt_dip/embedded-tools/winavr/bin/../lib/gcc/avr/4.3.3/avr5\libgcc.a(_unpack_sf.o)
                              d:/engineering/embedded/imt_dip/embedded-tools/winavr/bin/../lib/gcc/avr/4.3.3/avr5\libgcc.a(_addsub_sf.o) (__unpack_f)
d:/engineering/embedded/imt_dip/embedded-tools/winavr/bin/../lib/gcc/avr/4.3.3/avr5\libgcc.a(_fpcmp_parts_sf.o)
                              d:/engineering/embedded/imt_dip/embedded-tools/winavr/bin/../lib/gcc/avr/4.3.3/avr5\libgcc.a(_ge_sf.o) (__fpcmp_parts_f)
d:/engineering/embedded/imt_dip/embedded-tools/winavr/bin/../lib/gcc/avr/4.3.3/avr5\libgcc.a(_clz.o)
                              d:/engineering/embedded/imt_dip/embedded-tools/winavr/bin/../lib/gcc/avr/4.3.3/avr5\libgcc.a(_clzsi2.o) (__clz_tab)
d:/engineering/embedded/imt_dip/embedded-tools/winavr/bin/../lib/gcc/avr/4.3.3/../../../../avr/lib/avr5\libc.a(memcpy.o)
                              ./FreeRTOS/queue.o (memcpy)

Allocating common symbols
Common symbol       size              file

E_Gr                0x2               ./SRC/main.o
Global_u8Temp       0x1               ./SRC/TempUpdate.o

Memory Configuration

Name             Origin             Length             Attributes
text             0x00000000         0x00020000         xr
data             0x00800060         0x0000ffa0         rw !x
eeprom           0x00810000         0x00010000         rw !x
fuse             0x00820000         0x00000400         rw !x
lock             0x00830000         0x00000400         rw !x
signature        0x00840000         0x00000400         rw !x
*default*        0x00000000         0xffffffff

Linker script and memory map

LOAD d:/engineering/embedded/imt_dip/embedded-tools/winavr/bin/../lib/gcc/avr/4.3.3/../../../../avr/lib/avr5/crtm32.o
LOAD ./SRC/Alarm.o
LOAD ./SRC/LCDdisp.o
LOAD ./SRC/TempUpdate.o
LOAD ./SRC/UserInput.o
LOAD ./SRC/main.o
LOAD ./FreeRTOS/croutine.o
LOAD ./FreeRTOS/event_groups.o
LOAD ./FreeRTOS/heap_1.o
LOAD ./FreeRTOS/list.o
LOAD ./FreeRTOS/port.o
LOAD ./FreeRTOS/queue.o
LOAD ./FreeRTOS/tasks.o
LOAD ./FreeRTOS/timers.o
LOAD ./Drivers/MCAL/UART/UART_program.o
LOAD ./Drivers/MCAL/DIO/DIO_program.o
LOAD ./Drivers/MCAL/ADC/ADC_program.o
LOAD ./Drivers/HAL/LCD/LCD_program.o
LOAD ./Drivers/HAL/KEYPAD/KEYPAD_program.o
LOAD d:/engineering/embedded/imt_dip/embedded-tools/winavr/bin/../lib/gcc/avr/4.3.3/avr5\libgcc.a
LOAD d:/engineering/embedded/imt_dip/embedded-tools/winavr/bin/../lib/gcc/avr/4.3.3/../../../../avr/lib/avr5\libc.a
LOAD d:/engineering/embedded/imt_dip/embedded-tools/winavr/bin/../lib/gcc/avr/4.3.3/avr5\libgcc.a

.hash
 *(.hash)

.dynsym
 *(.dynsym)

.dynstr
 *(.dynstr)

.gnu.version
 *(.gnu.version)

.gnu.version_d
 *(.gnu.version_d)

.gnu.version_r
 *(.gnu.version_r)

.rel.init
 *(.rel.init)

.rela.init
 *(.rela.init)

.rel.text
 *(.rel.text)
 *(.rel.text.*)
 *(.rel.gnu.linkonce.t*)

.rela.text
 *(.rela.text)
 *(.rela.text.*)
 *(.rela.gnu.linkonce.t*)

.rel.fini
 *(.rel.fini)

.rela.fini
 *(.rela.fini)

.rel.rodata
 *(.rel.rodata)
 *(.rel.rodata.*)
 *(.rel.gnu.linkonce.r*)

.rela.rodata
 *(.rela.rodata)
 *(.rela.rodata.*)
 *(.rela.gnu.linkonce.r*)

.rel.data
 *(.rel.data)
 *(.rel.data.*)
 *(.rel.gnu.linkonce.d*)

.rela.data
 *(.rela.data)
 *(.rela.data.*)
 *(.rela.gnu.linkonce.d*)

.rel.ctors
 *(.rel.ctors)

.rela.ctors
 *(.rela.ctors)

.rel.dtors
 *(.rel.dtors)

.rela.dtors
 *(.rela.dtors)

.rel.got
 *(.rel.got)

.rela.got
 *(.rela.got)

.rel.bss
 *(.rel.bss)

.rela.bss
 *(.rela.bss)

.rel.plt
 *(.rel.plt)

.rela.plt
 *(.rela.plt)

.text           0x00000000     0x3ed4
 *(.vectors)
 .vectors       0x00000000       0x54 d:/engineering/embedded/imt_dip/embedded-tools/winavr/bin/../lib/gcc/avr/4.3.3/../../../../avr/lib/avr5/crtm32.o
                0x00000000                __vectors
                0x00000000                __vector_default
 *(.vectors)
 *(.progmem.gcc*)
 *(.progmem*)
                0x00000054                . = ALIGN (0x2)
                0x00000054                __trampolines_start = .
 *(.trampolines)
 .trampolines   0x00000054        0x0 linker stubs
 *(.trampolines*)
                0x00000054                __trampolines_end = .
 *(.jumptables)
 *(.jumptables*)
 *(.lowtext)
 *(.lowtext*)
                0x00000054                __ctors_start = .
 *(.ctors)
                0x00000054                __ctors_end = .
                0x00000054                __dtors_start = .
 *(.dtors)
                0x00000054                __dtors_end = .
 SORT(*)(.ctors)
 SORT(*)(.dtors)
 *(.init0)
 .init0         0x00000054        0x0 d:/engineering/embedded/imt_dip/embedded-tools/winavr/bin/../lib/gcc/avr/4.3.3/../../../../avr/lib/avr5/crtm32.o
                0x00000054                __init
 *(.init0)
 *(.init1)
 *(.init1)
 *(.init2)
 .init2         0x00000054        0xc d:/engineering/embedded/imt_dip/embedded-tools/winavr/bin/../lib/gcc/avr/4.3.3/../../../../avr/lib/avr5/crtm32.o
 *(.init2)
 *(.init3)
 *(.init3)
 *(.init4)
 .init4         0x00000060       0x16 d:/engineering/embedded/imt_dip/embedded-tools/winavr/bin/../lib/gcc/avr/4.3.3/avr5\libgcc.a(_copy_data.o)
                0x00000060                __do_copy_data
 .init4         0x00000076       0x10 d:/engineering/embedded/imt_dip/embedded-tools/winavr/bin/../lib/gcc/avr/4.3.3/avr5\libgcc.a(_clear_bss.o)
                0x00000076                __do_clear_bss
 *(.init4)
 *(.init5)
 *(.init5)
 *(.init6)
 *(.init6)
 *(.init7)
 *(.init7)
 *(.init8)
 *(.init8)
 *(.init9)
 .init9         0x00000086        0x8 d:/engineering/embedded/imt_dip/embedded-tools/winavr/bin/../lib/gcc/avr/4.3.3/../../../../avr/lib/avr5/crtm32.o
 *(.init9)
 *(.text)
 .text          0x0000008e        0x4 d:/engineering/embedded/imt_dip/embedded-tools/winavr/bin/../lib/gcc/avr/4.3.3/../../../../avr/lib/avr5/crtm32.o
                0x0000008e                __vector_1
                0x0000008e                __vector_12
                0x0000008e                __bad_interrupt
                0x0000008e                __vector_6
                0x0000008e                __vector_3
                0x0000008e                __vector_11
                0x0000008e                __vector_17
                0x0000008e                __vector_19
                0x0000008e                __vector_5
                0x0000008e                __vector_4
                0x0000008e                __vector_9
                0x0000008e                __vector_2
                0x0000008e                __vector_8
                0x0000008e                __vector_10
                0x0000008e                __vector_18
                0x0000008e                __vector_20
 .text          0x00000092        0x0 ./SRC/Alarm.o
 .text          0x00000092        0x0 ./SRC/LCDdisp.o
 .text          0x00000092        0x0 ./SRC/TempUpdate.o
 .text          0x00000092        0x0 ./SRC/UserInput.o
 .text          0x00000092        0x0 ./SRC/main.o
 .text          0x00000092        0x0 ./FreeRTOS/croutine.o
 .text          0x00000092        0x0 ./FreeRTOS/event_groups.o
 .text          0x00000092        0x0 ./FreeRTOS/heap_1.o
 .text          0x00000092        0x0 ./FreeRTOS/list.o
 .text          0x00000092        0x0 ./FreeRTOS/port.o
 .text          0x00000092        0x0 ./FreeRTOS/queue.o
 .text          0x00000092        0x0 ./FreeRTOS/tasks.o
 .text          0x00000092        0x0 ./FreeRTOS/timers.o
 .text          0x00000092        0x0 ./Drivers/MCAL/UART/UART_program.o
 .text          0x00000092        0x0 ./Drivers/MCAL/DIO/DIO_program.o
 .text          0x00000092        0x0 ./Drivers/MCAL/ADC/ADC_program.o
 .text          0x00000092        0x0 ./Drivers/HAL/LCD/LCD_program.o
 .text          0x00000092        0x0 ./Drivers/HAL/KEYPAD/KEYPAD_program.o
 .text          0x00000092        0x0 d:/engineering/embedded/imt_dip/embedded-tools/winavr/bin/../lib/gcc/avr/4.3.3/avr5\libgcc.a(_mulsi3.o)
 .text          0x00000092        0x0 d:/engineering/embedded/imt_dip/embedded-tools/winavr/bin/../lib/gcc/avr/4.3.3/avr5\libgcc.a(_divmodsi4.o)
 .text          0x00000092        0x0 d:/engineering/embedded/imt_dip/embedded-tools/winavr/bin/../lib/gcc/avr/4.3.3/avr5\libgcc.a(_exit.o)
 .text          0x00000092        0x0 d:/engineering/embedded/imt_dip/embedded-tools/winavr/bin/../lib/gcc/avr/4.3.3/avr5\libgcc.a(_copy_data.o)
 .text          0x00000092        0x0 d:/engineering/embedded/imt_dip/embedded-tools/winavr/bin/../lib/gcc/avr/4.3.3/avr5\libgcc.a(_clear_bss.o)
 .text          0x00000092       0x58 d:/engineering/embedded/imt_dip/embedded-tools/winavr/bin/../lib/gcc/avr/4.3.3/avr5\libgcc.a(_fixunssfsi.o)
                0x00000092                __fixunssfsi
 .text          0x000000ea      0x354 d:/engineering/embedded/imt_dip/embedded-tools/winavr/bin/../lib/gcc/avr/4.3.3/avr5\libgcc.a(_addsub_sf.o)
                0x00000382                __subsf3
                0x000003e4                __addsf3
 .text          0x0000043e      0x1f4 d:/engineering/embedded/imt_dip/embedded-tools/winavr/bin/../lib/gcc/avr/4.3.3/avr5\libgcc.a(_mul_sf.o)
                0x0000043e                __mulsf3
 .text          0x00000632       0x60 d:/engineering/embedded/imt_dip/embedded-tools/winavr/bin/../lib/gcc/avr/4.3.3/avr5\libgcc.a(_ge_sf.o)
                0x00000632                __gesf2
 .text          0x00000692       0xbc d:/engineering/embedded/imt_dip/embedded-tools/winavr/bin/../lib/gcc/avr/4.3.3/avr5\libgcc.a(_si_to_sf.o)
                0x00000692                __floatsisf
 .text          0x0000074e       0xa8 d:/engineering/embedded/imt_dip/embedded-tools/winavr/bin/../lib/gcc/avr/4.3.3/avr5\libgcc.a(_sf_to_si.o)
                0x0000074e                __fixsfsi
 .text          0x000007f6        0x0 d:/engineering/embedded/imt_dip/embedded-tools/winavr/bin/../lib/gcc/avr/4.3.3/avr5\libgcc.a(_thenan_sf.o)
 .text          0x000007f6       0xf2 d:/engineering/embedded/imt_dip/embedded-tools/winavr/bin/../lib/gcc/avr/4.3.3/avr5\libgcc.a(_usi_to_sf.o)
                0x000007f6                __floatunsisf
 .text          0x000008e8        0x0 d:/engineering/embedded/imt_dip/embedded-tools/winavr/bin/../lib/gcc/avr/4.3.3/avr5\libgcc.a(_udivmodsi4.o)
 .text          0x000008e8        0x0 d:/engineering/embedded/imt_dip/embedded-tools/winavr/bin/../lib/gcc/avr/4.3.3/avr5\libgcc.a(_prologue.o)
 .text          0x000008e8        0x0 d:/engineering/embedded/imt_dip/embedded-tools/winavr/bin/../lib/gcc/avr/4.3.3/avr5\libgcc.a(_epilogue.o)
 .text          0x000008e8       0x9e d:/engineering/embedded/imt_dip/embedded-tools/winavr/bin/../lib/gcc/avr/4.3.3/avr5\libgcc.a(_clzsi2.o)
                0x000008e8                __clzsi2
 .text          0x00000986      0x1aa d:/engineering/embedded/imt_dip/embedded-tools/winavr/bin/../lib/gcc/avr/4.3.3/avr5\libgcc.a(_pack_sf.o)
                0x00000986                __pack_f
 .text          0x00000b30       0xf0 d:/engineering/embedded/imt_dip/embedded-tools/winavr/bin/../lib/gcc/avr/4.3.3/avr5\libgcc.a(_unpack_sf.o)
                0x00000b30                __unpack_f
 .text          0x00000c20       0xb2 d:/engineering/embedded/imt_dip/embedded-tools/winavr/bin/../lib/gcc/avr/4.3.3/avr5\libgcc.a(_fpcmp_parts_sf.o)
                0x00000c20                __fpcmp_parts_f
 .text          0x00000cd2        0x0 d:/engineering/embedded/imt_dip/embedded-tools/winavr/bin/../lib/gcc/avr/4.3.3/avr5\libgcc.a(_clz.o)
 .text          0x00000cd2        0x0 d:/engineering/embedded/imt_dip/embedded-tools/winavr/bin/../lib/gcc/avr/4.3.3/../../../../avr/lib/avr5\libc.a(memcpy.o)
                0x00000cd2                . = ALIGN (0x2)
 *(.text.*)
 .text.ALarm_main
                0x00000cd2       0x76 ./SRC/Alarm.o
                0x00000cd2                ALarm_main
 .text.Alarm_init
                0x00000d48       0x3a ./SRC/Alarm.o
                0x00000d48                Alarm_init
 .text.LCDdisp_writevalue
                0x00000d82       0x48 ./SRC/LCDdisp.o
                0x00000d82                LCDdisp_writevalue
 .text.LCDdisp_writeScreen
                0x00000dca       0x98 ./SRC/LCDdisp.o
                0x00000dca                LCDdisp_writeScreen
 .text.LCDdisp_main
                0x00000e62       0xe8 ./SRC/LCDdisp.o
                0x00000e62                LCDdisp_main
 .text.LCDdisp_init
                0x00000f4a       0x32 ./SRC/LCDdisp.o
                0x00000f4a                LCDdisp_init
 .text.TempUpdate_main
                0x00000f7c      0x108 ./SRC/TempUpdate.o
                0x00000f7c                TempUpdate_main
 .text.TempUpdate_init
                0x00001084       0x70 ./SRC/TempUpdate.o
                0x00001084                TempUpdate_init
 .text.UserInput_swap
                0x000010f4       0x1a ./SRC/UserInput.o
                0x000010f4                UserInput_swap
 .text.UserInput_UART
                0x0000110e       0x10 ./SRC/UserInput.o
                0x0000110e                UserInput_UART
 .text.UserInput_main
                0x0000111e      0x1d6 ./SRC/UserInput.o
                0x0000111e                UserInput_main
 .text.UserInput_init
                0x000012f4       0x3c ./SRC/UserInput.o
                0x000012f4                UserInput_init
 .text.main     0x00001330       0x22 ./SRC/main.o
                0x00001330                main
 .text.xEventGroupClearBits
                0x00001352       0x20 ./FreeRTOS/event_groups.o
                0x00001352                xEventGroupClearBits
 .text.xEventGroupGetBitsFromISR
                0x00001372        0x8 ./FreeRTOS/event_groups.o
                0x00001372                xEventGroupGetBitsFromISR
 .text.vEventGroupClearBitsCallback
                0x0000137a        0x8 ./FreeRTOS/event_groups.o
                0x0000137a                vEventGroupClearBitsCallback
 .text.vEventGroupDelete
                0x00001382       0x2e ./FreeRTOS/event_groups.o
                0x00001382                vEventGroupDelete
 .text.xEventGroupSetBits
                0x000013b0       0xb0 ./FreeRTOS/event_groups.o
                0x000013b0                xEventGroupSetBits
 .text.vEventGroupSetBitsCallback
                0x00001460        0x8 ./FreeRTOS/event_groups.o
                0x00001460                vEventGroupSetBitsCallback
 .text.xEventGroupWaitBits
                0x00001468       0xfe ./FreeRTOS/event_groups.o
                0x00001468                xEventGroupWaitBits
 .text.xEventGroupSync
                0x00001566       0xd6 ./FreeRTOS/event_groups.o
                0x00001566                xEventGroupSync
 .text.xEventGroupCreate
                0x0000163c       0x26 ./FreeRTOS/event_groups.o
                0x0000163c                xEventGroupCreate
 .text.vPortFree
                0x00001662        0x2 ./FreeRTOS/heap_1.o
                0x00001662                vPortFree
 .text.vPortInitialiseBlocks
                0x00001664        0xa ./FreeRTOS/heap_1.o
                0x00001664                vPortInitialiseBlocks
 .text.xPortGetFreeHeapSize
                0x0000166e       0x14 ./FreeRTOS/heap_1.o
                0x0000166e                xPortGetFreeHeapSize
 .text.pvPortMalloc
                0x00001682       0x64 ./FreeRTOS/heap_1.o
                0x00001682                pvPortMalloc
 .text.vListInitialise
                0x000016e6       0x20 ./FreeRTOS/list.o
                0x000016e6                vListInitialise
 .text.vListInitialiseItem
                0x00001706        0x8 ./FreeRTOS/list.o
                0x00001706                vListInitialiseItem
 .text.vListInsertEnd
                0x0000170e       0x3e ./FreeRTOS/list.o
                0x0000170e                vListInsertEnd
 .text.vListInsert
                0x0000174c       0x64 ./FreeRTOS/list.o
                0x0000174c                vListInsert
 .text.uxListRemove
                0x000017b0       0x56 ./FreeRTOS/list.o
                0x000017b0                uxListRemove
 .text.pxPortInitialiseStack
                0x00001806       0x90 ./FreeRTOS/port.o
                0x00001806                pxPortInitialiseStack
 .text.xPortStartScheduler
                0x00001896       0x6a ./FreeRTOS/port.o
                0x00001896                xPortStartScheduler
 .text.vPortEndScheduler
                0x00001900        0x2 ./FreeRTOS/port.o
                0x00001900                vPortEndScheduler
 .text.vPortYieldFromTick
                0x00001902       0xba ./FreeRTOS/port.o
                0x00001902                vPortYieldFromTick
 .text.__vector_7
                0x000019bc        0x6 ./FreeRTOS/port.o
                0x000019bc                __vector_7
 .text.vPortYield
                0x000019c2       0xb2 ./FreeRTOS/port.o
                0x000019c2                vPortYield
 .text.uxQueueMessagesWaiting
                0x00001a74       0x10 ./FreeRTOS/queue.o
                0x00001a74                uxQueueMessagesWaiting
 .text.uxQueueSpacesAvailable
                0x00001a84       0x14 ./FreeRTOS/queue.o
                0x00001a84                uxQueueSpacesAvailable
 .text.uxQueueMessagesWaitingFromISR
                0x00001a98        0x6 ./FreeRTOS/queue.o
                0x00001a98                uxQueueMessagesWaitingFromISR
 .text.xQueueIsQueueEmptyFromISR
                0x00001a9e       0x10 ./FreeRTOS/queue.o
                0x00001a9e                xQueueIsQueueEmptyFromISR
 .text.xQueueIsQueueFullFromISR
                0x00001aae       0x12 ./FreeRTOS/queue.o
                0x00001aae                xQueueIsQueueFullFromISR
 .text.vQueueDelete
                0x00001ac0        0x6 ./FreeRTOS/queue.o
                0x00001ac0                vQueueDelete
 .text.prvCopyDataFromQueue
                0x00001ac6       0x3c ./FreeRTOS/queue.o
 .text.xQueuePeekFromISR
                0x00001b02       0x2a ./FreeRTOS/queue.o
                0x00001b02                xQueuePeekFromISR
 .text.prvCopyDataToQueue
                0x00001b2c       0x94 ./FreeRTOS/queue.o
 .text.xQueueReceiveFromISR
                0x00001bc0       0x5c ./FreeRTOS/queue.o
                0x00001bc0                xQueueReceiveFromISR
 .text.xQueueGiveFromISR
                0x00001c1c       0x46 ./FreeRTOS/queue.o
                0x00001c1c                xQueueGiveFromISR
 .text.xQueueGenericSendFromISR
                0x00001c62       0x5e ./FreeRTOS/queue.o
                0x00001c62                xQueueGenericSendFromISR
 .text.prvUnlockQueue
                0x00001cc0       0x84 ./FreeRTOS/queue.o
 .text.xQueuePeek
                0x00001d44      0x152 ./FreeRTOS/queue.o
                0x00001d44                xQueuePeek
 .text.xQueueSemaphoreTake
                0x00001e96      0x13e ./FreeRTOS/queue.o
                0x00001e96                xQueueSemaphoreTake
 .text.xQueueReceive
                0x00001fd4      0x156 ./FreeRTOS/queue.o
                0x00001fd4                xQueueReceive
 .text.xQueueGenericSend
                0x0000212a      0x156 ./FreeRTOS/queue.o
                0x0000212a                xQueueGenericSend
 .text.xQueueGenericReset
                0x00002280       0x84 ./FreeRTOS/queue.o
                0x00002280                xQueueGenericReset
 .text.xQueueGenericCreate
                0x00002304       0x50 ./FreeRTOS/queue.o
                0x00002304                xQueueGenericCreate
 .text.vTaskSuspendAll
                0x00002354        0xc ./FreeRTOS/tasks.o
                0x00002354                vTaskSuspendAll
 .text.xTaskGetTickCount
                0x00002360       0x16 ./FreeRTOS/tasks.o
                0x00002360                xTaskGetTickCount
 .text.xTaskGetTickCountFromISR
                0x00002376        0xc ./FreeRTOS/tasks.o
                0x00002376                xTaskGetTickCountFromISR
 .text.uxTaskGetNumberOfTasks
                0x00002382        0x6 ./FreeRTOS/tasks.o
                0x00002382                uxTaskGetNumberOfTasks
 .text.pcTaskGetName
                0x00002388       0x16 ./FreeRTOS/tasks.o
                0x00002388                pcTaskGetName
 .text.vTaskSwitchContext
                0x0000239e       0x74 ./FreeRTOS/tasks.o
                0x0000239e                vTaskSwitchContext
 .text.vTaskSetTimeOutState
                0x00002412       0x20 ./FreeRTOS/tasks.o
                0x00002412                vTaskSetTimeOutState
 .text.vTaskInternalSetTimeOutState
                0x00002432       0x16 ./FreeRTOS/tasks.o
                0x00002432                vTaskInternalSetTimeOutState
 .text.xTaskCheckForTimeOut
                0x00002448       0x64 ./FreeRTOS/tasks.o
                0x00002448                xTaskCheckForTimeOut
 .text.vTaskMissedYield
                0x000024ac        0x8 ./FreeRTOS/tasks.o
                0x000024ac                vTaskMissedYield
 .text.prvIdleTask
                0x000024b4        0x2 ./FreeRTOS/tasks.o
 .text.uxTaskResetEventItemValue
                0x000024b6       0x30 ./FreeRTOS/tasks.o
                0x000024b6                uxTaskResetEventItemValue
 .text.xTaskNotifyStateClear
                0x000024e6       0x2a ./FreeRTOS/tasks.o
                0x000024e6                xTaskNotifyStateClear
 .text.vTaskNotifyGiveFromISR
                0x00002510       0xa0 ./FreeRTOS/tasks.o
                0x00002510                vTaskNotifyGiveFromISR
 .text.xTaskGenericNotifyFromISR
                0x000025b0       0xf6 ./FreeRTOS/tasks.o
                0x000025b0                xTaskGenericNotifyFromISR
 .text.vTaskRemoveFromUnorderedEventList
                0x000026a6       0x64 ./FreeRTOS/tasks.o
                0x000026a6                vTaskRemoveFromUnorderedEventList
 .text.xTaskRemoveFromEventList
                0x0000270a       0x80 ./FreeRTOS/tasks.o
                0x0000270a                xTaskRemoveFromEventList
 .text.xTaskIncrementTick
                0x0000278a      0x188 ./FreeRTOS/tasks.o
                0x0000278a                xTaskIncrementTick
 .text.xTaskGenericNotify
                0x00002912       0xd4 ./FreeRTOS/tasks.o
                0x00002912                xTaskGenericNotify
 .text.xTaskResumeAll
                0x000029e6      0x112 ./FreeRTOS/tasks.o
                0x000029e6                xTaskResumeAll
 .text.prvAddCurrentTaskToDelayedList
                0x00002af8       0x88 ./FreeRTOS/tasks.o
 .text.xTaskNotifyWait
                0x00002b80      0x10e ./FreeRTOS/tasks.o
                0x00002b80                xTaskNotifyWait
 .text.ulTaskNotifyTake
                0x00002c8e       0xb0 ./FreeRTOS/tasks.o
                0x00002c8e                ulTaskNotifyTake
 .text.vTaskPlaceOnUnorderedEventList
                0x00002d3e       0x32 ./FreeRTOS/tasks.o
                0x00002d3e                vTaskPlaceOnUnorderedEventList
 .text.vTaskDelay
                0x00002d70       0x26 ./FreeRTOS/tasks.o
                0x00002d70                vTaskDelay
 .text.vTaskDelayUntil
                0x00002d96       0x5e ./FreeRTOS/tasks.o
                0x00002d96                vTaskDelayUntil
 .text.vTaskPlaceOnEventList
                0x00002df4       0x24 ./FreeRTOS/tasks.o
                0x00002df4                vTaskPlaceOnEventList
 .text.vTaskEndScheduler
                0x00002e18        0xc ./FreeRTOS/tasks.o
                0x00002e18                vTaskEndScheduler
 .text.xTaskCreate
                0x00002e24      0x1ec ./FreeRTOS/tasks.o
                0x00002e24                xTaskCreate
 .text.vTaskStartScheduler
                0x00003010       0x50 ./FreeRTOS/tasks.o
                0x00003010                vTaskStartScheduler
 .text.UART_void_init
                0x00003060       0x16 ./Drivers/MCAL/UART/UART_program.o
                0x00003060                UART_void_init
 .text.UART_u8_if_available
                0x00003076        0xa ./Drivers/MCAL/UART/UART_program.o
                0x00003076                UART_u8_if_available
 .text.UART_void_transmit_char
                0x00003080        0x8 ./Drivers/MCAL/UART/UART_program.o
                0x00003080                UART_void_transmit_char
 .text.UART_void_transmit_str
                0x00003088       0x38 ./Drivers/MCAL/UART/UART_program.o
                0x00003088                UART_void_transmit_str
 .text.UART_void_set_Rx_callback
                0x000030c0        0xa ./Drivers/MCAL/UART/UART_program.o
                0x000030c0                UART_void_set_Rx_callback
 .text.__vector_13
                0x000030ca       0x54 ./Drivers/MCAL/UART/UART_program.o
                0x000030ca                __vector_13
 .text.__vector_14
                0x0000311e       0x14 ./Drivers/MCAL/UART/UART_program.o
                0x0000311e                __vector_14
 .text.__vector_15
                0x00003132       0x50 ./Drivers/MCAL/UART/UART_program.o
                0x00003132                __vector_15
 .text.DIO_void_set_port_dir
                0x00003182       0x16 ./Drivers/MCAL/DIO/DIO_program.o
                0x00003182                DIO_void_set_port_dir
 .text.DIO_void_set_port_in_pullUp
                0x00003198       0x26 ./Drivers/MCAL/DIO/DIO_program.o
                0x00003198                DIO_void_set_port_in_pullUp
 .text.DIO_u8_get_PortDir
                0x000031be       0x16 ./Drivers/MCAL/DIO/DIO_program.o
                0x000031be                DIO_u8_get_PortDir
 .text.DIO_void_set_pin_dir
                0x000031d4       0x52 ./Drivers/MCAL/DIO/DIO_program.o
                0x000031d4                DIO_void_set_pin_dir
 .text.DIO_void_set_pin_in_pullUP
                0x00003226       0x3c ./Drivers/MCAL/DIO/DIO_program.o
                0x00003226                DIO_void_set_pin_in_pullUP
 .text.DIO_u8_get_PinDir
                0x00003262       0x24 ./Drivers/MCAL/DIO/DIO_program.o
                0x00003262                DIO_u8_get_PinDir
 .text.DIO_void_set_port
                0x00003286       0x18 ./Drivers/MCAL/DIO/DIO_program.o
                0x00003286                DIO_void_set_port
 .text.DIO_void_clear_port
                0x0000329e       0x16 ./Drivers/MCAL/DIO/DIO_program.o
                0x0000329e                DIO_void_clear_port
 .text.DIO_void_toggle_port
                0x000032b4       0x1a ./Drivers/MCAL/DIO/DIO_program.o
                0x000032b4                DIO_void_toggle_port
 .text.DIO_void_assign_port
                0x000032ce       0x16 ./Drivers/MCAL/DIO/DIO_program.o
                0x000032ce                DIO_void_assign_port
 .text.DIO_u8_get_PortOut
                0x000032e4       0x16 ./Drivers/MCAL/DIO/DIO_program.o
                0x000032e4                DIO_u8_get_PortOut
 .text.DIO_void_set_pin
                0x000032fa       0x28 ./Drivers/MCAL/DIO/DIO_program.o
                0x000032fa                DIO_void_set_pin
 .text.DIO_void_clear_pin
                0x00003322       0x2a ./Drivers/MCAL/DIO/DIO_program.o
                0x00003322                DIO_void_clear_pin
 .text.DIO_void_toggle_pin
                0x0000334c       0x28 ./Drivers/MCAL/DIO/DIO_program.o
                0x0000334c                DIO_void_toggle_pin
 .text.DIO_void_assign_pin
                0x00003374       0x52 ./Drivers/MCAL/DIO/DIO_program.o
                0x00003374                DIO_void_assign_pin
 .text.DIO_u8_get_PinOut
                0x000033c6       0x24 ./Drivers/MCAL/DIO/DIO_program.o
                0x000033c6                DIO_u8_get_PinOut
 .text.DIO_u8_get_port
                0x000033ea       0x16 ./Drivers/MCAL/DIO/DIO_program.o
                0x000033ea                DIO_u8_get_port
 .text.DIO_u8_get_pin
                0x00003400       0x24 ./Drivers/MCAL/DIO/DIO_program.o
                0x00003400                DIO_u8_get_pin
 .text.ADC_void_init
                0x00003424        0xa ./Drivers/MCAL/ADC/ADC_program.o
                0x00003424                ADC_void_init
 .text.ADC_void_config
                0x0000342e       0x5a ./Drivers/MCAL/ADC/ADC_program.o
                0x0000342e                ADC_void_config
 .text.ADC_void_start_conv
                0x00003488        0x4 ./Drivers/MCAL/ADC/ADC_program.o
                0x00003488                ADC_void_start_conv
 .text.ADC_void_read_data
                0x0000348c       0x14 ./Drivers/MCAL/ADC/ADC_program.o
                0x0000348c                ADC_void_read_data
 .text.ADC_void_INIT_callback
                0x000034a0        0xa ./Drivers/MCAL/ADC/ADC_program.o
                0x000034a0                ADC_void_INIT_callback
 .text.__vector_16
                0x000034aa       0x56 ./Drivers/MCAL/ADC/ADC_program.o
                0x000034aa                __vector_16
 .text.LCD_pow  0x00003500       0x5e ./Drivers/HAL/LCD/LCD_program.o
                0x00003500                LCD_pow
 .text.LCD_create_char
                0x0000355e        0x2 ./Drivers/HAL/LCD/LCD_program.o
                0x0000355e                LCD_create_char
 .text.LCD_read_data_4bit
                0x00003560       0xba ./Drivers/HAL/LCD/LCD_program.o
                0x00003560                LCD_read_data_4bit
 .text.LCD_function_set_4bit
                0x0000361a      0x100 ./Drivers/HAL/LCD/LCD_program.o
                0x0000361a                LCD_function_set_4bit
 .text.LCD_write_cmd_4bit
                0x0000371a       0xe6 ./Drivers/HAL/LCD/LCD_program.o
                0x0000371a                LCD_write_cmd_4bit
 .text.LCD_on   0x00003800        0xe ./Drivers/HAL/LCD/LCD_program.o
                0x00003800                LCD_on
 .text.LCD_off  0x0000380e       0x1a ./Drivers/HAL/LCD/LCD_program.o
                0x0000380e                LCD_off
 .text.LCD_clear
                0x00003828       0x26 ./Drivers/HAL/LCD/LCD_program.o
                0x00003828                LCD_clear
 .text.LCD_set_cursor
                0x0000384e       0x1c ./Drivers/HAL/LCD/LCD_program.o
                0x0000384e                LCD_set_cursor
 .text.LCD_init
                0x0000386a       0x82 ./Drivers/HAL/LCD/LCD_program.o
                0x0000386a                LCD_init
 .text.LCD_write_data_4bit
                0x000038ec       0xe6 ./Drivers/HAL/LCD/LCD_program.o
                0x000038ec                LCD_write_data_4bit
 .text.LCD_write_char
                0x000039d2        0xc ./Drivers/HAL/LCD/LCD_program.o
                0x000039d2                LCD_write_char
 .text.LCD_write_s32_number
                0x000039de       0xf2 ./Drivers/HAL/LCD/LCD_program.o
                0x000039de                LCD_write_s32_number
 .text.LCD_write_float
                0x00003ad0       0xd0 ./Drivers/HAL/LCD/LCD_program.o
                0x00003ad0                LCD_write_float
 .text.LCD_write_str
                0x00003ba0       0x26 ./Drivers/HAL/LCD/LCD_program.o
                0x00003ba0                LCD_write_str
 .text.LCD_read_address_8bit
                0x00003bc6       0x60 ./Drivers/HAL/LCD/LCD_program.o
                0x00003bc6                LCD_read_address_8bit
 .text.LCD_write_cmd_8bit
                0x00003c26       0x40 ./Drivers/HAL/LCD/LCD_program.o
                0x00003c26                LCD_write_cmd_8bit
 .text.LCD_write_data_8bit
                0x00003c66       0x40 ./Drivers/HAL/LCD/LCD_program.o
                0x00003c66                LCD_write_data_8bit
 .text.keypad_set_map
                0x00003ca6       0x28 ./Drivers/HAL/KEYPAD/KEYPAD_program.o
                0x00003ca6                keypad_set_map
 .text.keypad_read
                0x00003cce       0x7a ./Drivers/HAL/KEYPAD/KEYPAD_program.o
                0x00003cce                keypad_read
 .text.keypad_init
                0x00003d48       0x50 ./Drivers/HAL/KEYPAD/KEYPAD_program.o
                0x00003d48                keypad_init
 .text.libgcc   0x00003d98       0x3e d:/engineering/embedded/imt_dip/embedded-tools/winavr/bin/../lib/gcc/avr/4.3.3/avr5\libgcc.a(_mulsi3.o)
                0x00003d98                __mulsi3
 .text.libgcc   0x00003dd6       0x36 d:/engineering/embedded/imt_dip/embedded-tools/winavr/bin/../lib/gcc/avr/4.3.3/avr5\libgcc.a(_divmodsi4.o)
                0x00003dd6                __divmodsi4
 .text.libgcc   0x00003e0c        0x0 d:/engineering/embedded/imt_dip/embedded-tools/winavr/bin/../lib/gcc/avr/4.3.3/avr5\libgcc.a(_exit.o)
 .text.libgcc   0x00003e0c        0x0 d:/engineering/embedded/imt_dip/embedded-tools/winavr/bin/../lib/gcc/avr/4.3.3/avr5\libgcc.a(_copy_data.o)
 .text.libgcc   0x00003e0c        0x0 d:/engineering/embedded/imt_dip/embedded-tools/winavr/bin/../lib/gcc/avr/4.3.3/avr5\libgcc.a(_clear_bss.o)
 .text.libgcc   0x00003e0c       0x44 d:/engineering/embedded/imt_dip/embedded-tools/winavr/bin/../lib/gcc/avr/4.3.3/avr5\libgcc.a(_udivmodsi4.o)
                0x00003e0c                __udivmodsi4
 .text.libgcc   0x00003e50       0x38 d:/engineering/embedded/imt_dip/embedded-tools/winavr/bin/../lib/gcc/avr/4.3.3/avr5\libgcc.a(_prologue.o)
                0x00003e50                __prologue_saves__
 .text.libgcc   0x00003e88       0x36 d:/engineering/embedded/imt_dip/embedded-tools/winavr/bin/../lib/gcc/avr/4.3.3/avr5\libgcc.a(_epilogue.o)
                0x00003e88                __epilogue_restores__
 .text.avr-libc
                0x00003ebe       0x12 d:/engineering/embedded/imt_dip/embedded-tools/winavr/bin/../lib/gcc/avr/4.3.3/../../../../avr/lib/avr5\libc.a(memcpy.o)
                0x00003ebe                memcpy
                0x00003ed0                . = ALIGN (0x2)
 *(.fini9)
 .fini9         0x00003ed0        0x0 d:/engineering/embedded/imt_dip/embedded-tools/winavr/bin/../lib/gcc/avr/4.3.3/avr5\libgcc.a(_exit.o)
                0x00003ed0                exit
                0x00003ed0                _exit
 *(.fini9)
 *(.fini8)
 *(.fini8)
 *(.fini7)
 *(.fini7)
 *(.fini6)
 *(.fini6)
 *(.fini5)
 *(.fini5)
 *(.fini4)
 *(.fini4)
 *(.fini3)
 *(.fini3)
 *(.fini2)
 *(.fini2)
 *(.fini1)
 *(.fini1)
 *(.fini0)
 .fini0         0x00003ed0        0x4 d:/engineering/embedded/imt_dip/embedded-tools/winavr/bin/../lib/gcc/avr/4.3.3/avr5\libgcc.a(_exit.o)
 *(.fini0)
                0x00003ed4                _etext = .

.data           0x00800060      0x1d0 load address 0x00003ed4
                0x00800060                PROVIDE (__data_start, .)
 *(.data)
 .data          0x00800060        0x0 d:/engineering/embedded/imt_dip/embedded-tools/winavr/bin/../lib/gcc/avr/4.3.3/../../../../avr/lib/avr5/crtm32.o
 .data          0x00800060        0x6 ./SRC/Alarm.o
 .data          0x00800066       0x6f ./SRC/LCDdisp.o
 .data          0x008000d5        0xc ./SRC/TempUpdate.o
 .data          0x008000e1       0x1f ./SRC/UserInput.o
 .data          0x00800100        0x0 ./SRC/main.o
 .data          0x00800100        0x0 ./FreeRTOS/croutine.o
 .data          0x00800100        0x0 ./FreeRTOS/event_groups.o
 .data          0x00800100        0x0 ./FreeRTOS/heap_1.o
 .data          0x00800100        0x0 ./FreeRTOS/list.o
 .data          0x00800100        0x0 ./FreeRTOS/port.o
 .data          0x00800100        0x0 ./FreeRTOS/queue.o
 .data          0x00800100        0x5 ./FreeRTOS/tasks.o
 .data          0x00800105        0x0 ./FreeRTOS/timers.o
 .data          0x00800105        0x0 ./Drivers/MCAL/UART/UART_program.o
 .data          0x00800105        0x0 ./Drivers/MCAL/DIO/DIO_program.o
 .data          0x00800105        0x0 ./Drivers/MCAL/ADC/ADC_program.o
 .data          0x00800105        0x0 ./Drivers/HAL/LCD/LCD_program.o
 .data          0x00800105        0x0 ./Drivers/HAL/KEYPAD/KEYPAD_program.o
 .data          0x00800105        0x0 d:/engineering/embedded/imt_dip/embedded-tools/winavr/bin/../lib/gcc/avr/4.3.3/avr5\libgcc.a(_mulsi3.o)
 .data          0x00800105        0x0 d:/engineering/embedded/imt_dip/embedded-tools/winavr/bin/../lib/gcc/avr/4.3.3/avr5\libgcc.a(_divmodsi4.o)
 .data          0x00800105        0x0 d:/engineering/embedded/imt_dip/embedded-tools/winavr/bin/../lib/gcc/avr/4.3.3/avr5\libgcc.a(_exit.o)
 .data          0x00800105        0x0 d:/engineering/embedded/imt_dip/embedded-tools/winavr/bin/../lib/gcc/avr/4.3.3/avr5\libgcc.a(_copy_data.o)
 .data          0x00800105        0x0 d:/engineering/embedded/imt_dip/embedded-tools/winavr/bin/../lib/gcc/avr/4.3.3/avr5\libgcc.a(_clear_bss.o)
 .data          0x00800105        0x0 d:/engineering/embedded/imt_dip/embedded-tools/winavr/bin/../lib/gcc/avr/4.3.3/avr5\libgcc.a(_fixunssfsi.o)
 .data          0x00800105        0x0 d:/engineering/embedded/imt_dip/embedded-tools/winavr/bin/../lib/gcc/avr/4.3.3/avr5\libgcc.a(_addsub_sf.o)
 .data          0x00800105        0x0 d:/engineering/embedded/imt_dip/embedded-tools/winavr/bin/../lib/gcc/avr/4.3.3/avr5\libgcc.a(_mul_sf.o)
 .data          0x00800105        0x0 d:/engineering/embedded/imt_dip/embedded-tools/winavr/bin/../lib/gcc/avr/4.3.3/avr5\libgcc.a(_ge_sf.o)
 .data          0x00800105        0x0 d:/engineering/embedded/imt_dip/embedded-tools/winavr/bin/../lib/gcc/avr/4.3.3/avr5\libgcc.a(_si_to_sf.o)
 .data          0x00800105        0x0 d:/engineering/embedded/imt_dip/embedded-tools/winavr/bin/../lib/gcc/avr/4.3.3/avr5\libgcc.a(_sf_to_si.o)
 .data          0x00800105        0x8 d:/engineering/embedded/imt_dip/embedded-tools/winavr/bin/../lib/gcc/avr/4.3.3/avr5\libgcc.a(_thenan_sf.o)
                0x00800105                __thenan_sf
 .data          0x0080010d        0x0 d:/engineering/embedded/imt_dip/embedded-tools/winavr/bin/../lib/gcc/avr/4.3.3/avr5\libgcc.a(_usi_to_sf.o)
 .data          0x0080010d        0x0 d:/engineering/embedded/imt_dip/embedded-tools/winavr/bin/../lib/gcc/avr/4.3.3/avr5\libgcc.a(_udivmodsi4.o)
 .data          0x0080010d        0x0 d:/engineering/embedded/imt_dip/embedded-tools/winavr/bin/../lib/gcc/avr/4.3.3/avr5\libgcc.a(_prologue.o)
 .data          0x0080010d        0x0 d:/engineering/embedded/imt_dip/embedded-tools/winavr/bin/../lib/gcc/avr/4.3.3/avr5\libgcc.a(_epilogue.o)
 .data          0x0080010d        0x0 d:/engineering/embedded/imt_dip/embedded-tools/winavr/bin/../lib/gcc/avr/4.3.3/avr5\libgcc.a(_clzsi2.o)
 .data          0x0080010d        0x0 d:/engineering/embedded/imt_dip/embedded-tools/winavr/bin/../lib/gcc/avr/4.3.3/avr5\libgcc.a(_pack_sf.o)
 .data          0x0080010d        0x0 d:/engineering/embedded/imt_dip/embedded-tools/winavr/bin/../lib/gcc/avr/4.3.3/avr5\libgcc.a(_unpack_sf.o)
 .data          0x0080010d        0x0 d:/engineering/embedded/imt_dip/embedded-tools/winavr/bin/../lib/gcc/avr/4.3.3/avr5\libgcc.a(_fpcmp_parts_sf.o)
 .data          0x0080010d      0x100 d:/engineering/embedded/imt_dip/embedded-tools/winavr/bin/../lib/gcc/avr/4.3.3/avr5\libgcc.a(_clz.o)
                0x0080010d                __clz_tab
 .data          0x0080020d        0x0 d:/engineering/embedded/imt_dip/embedded-tools/winavr/bin/../lib/gcc/avr/4.3.3/../../../../avr/lib/avr5\libc.a(memcpy.o)
 *(.data*)
 .data.Global_u8Threshold
                0x0080020d        0x1 ./SRC/UserInput.o
                0x0080020d                Global_u8Threshold
 .data.Global_u8AlarmState
                0x0080020e        0x1 ./SRC/UserInput.o
                0x0080020e                Global_u8AlarmState
 .data.keypad_map
                0x0080020f        0x9 ./Drivers/HAL/KEYPAD/KEYPAD_program.o
                0x0080020f                keypad_map
 *(.rodata)
 *(.rodata*)
 .rodata.DIO_PINx_REF
                0x00800218        0x8 ./Drivers/MCAL/DIO/DIO_program.o
 .rodata.DIO_PORTx_REF
                0x00800220        0x8 ./Drivers/MCAL/DIO/DIO_program.o
 .rodata.DIO_DDRx_REF
                0x00800228        0x8 ./Drivers/MCAL/DIO/DIO_program.o
 *(.gnu.linkonce.d*)
                0x00800230                . = ALIGN (0x2)
                0x00800230                _edata = .
                0x00800230                PROVIDE (__data_end, .)

.bss            0x00800230      0x383
                0x00800230                PROVIDE (__bss_start, .)
 *(.bss)
 .bss           0x00800230        0x0 d:/engineering/embedded/imt_dip/embedded-tools/winavr/bin/../lib/gcc/avr/4.3.3/../../../../avr/lib/avr5/crtm32.o
 .bss           0x00800230        0x0 ./SRC/Alarm.o
 .bss           0x00800230        0x0 ./SRC/LCDdisp.o
 .bss           0x00800230        0x0 ./SRC/TempUpdate.o
 .bss           0x00800230        0x0 ./SRC/UserInput.o
 .bss           0x00800230        0x0 ./SRC/main.o
 .bss           0x00800230        0x0 ./FreeRTOS/croutine.o
 .bss           0x00800230        0x0 ./FreeRTOS/event_groups.o
 .bss           0x00800230        0x0 ./FreeRTOS/heap_1.o
 .bss           0x00800230        0x0 ./FreeRTOS/list.o
 .bss           0x00800230        0x0 ./FreeRTOS/port.o
 .bss           0x00800230        0x0 ./FreeRTOS/queue.o
 .bss           0x00800230        0x0 ./FreeRTOS/tasks.o
 .bss           0x00800230        0x0 ./FreeRTOS/timers.o
 .bss           0x00800230        0x0 ./Drivers/MCAL/UART/UART_program.o
 .bss           0x00800230        0x0 ./Drivers/MCAL/DIO/DIO_program.o
 .bss           0x00800230        0x0 ./Drivers/MCAL/ADC/ADC_program.o
 .bss           0x00800230        0x0 ./Drivers/HAL/LCD/LCD_program.o
 .bss           0x00800230        0x0 ./Drivers/HAL/KEYPAD/KEYPAD_program.o
 .bss           0x00800230        0x0 d:/engineering/embedded/imt_dip/embedded-tools/winavr/bin/../lib/gcc/avr/4.3.3/avr5\libgcc.a(_mulsi3.o)
 .bss           0x00800230        0x0 d:/engineering/embedded/imt_dip/embedded-tools/winavr/bin/../lib/gcc/avr/4.3.3/avr5\libgcc.a(_divmodsi4.o)
 .bss           0x00800230        0x0 d:/engineering/embedded/imt_dip/embedded-tools/winavr/bin/../lib/gcc/avr/4.3.3/avr5\libgcc.a(_exit.o)
 .bss           0x00800230        0x0 d:/engineering/embedded/imt_dip/embedded-tools/winavr/bin/../lib/gcc/avr/4.3.3/avr5\libgcc.a(_copy_data.o)
 .bss           0x00800230        0x0 d:/engineering/embedded/imt_dip/embedded-tools/winavr/bin/../lib/gcc/avr/4.3.3/avr5\libgcc.a(_clear_bss.o)
 .bss           0x00800230        0x0 d:/engineering/embedded/imt_dip/embedded-tools/winavr/bin/../lib/gcc/avr/4.3.3/avr5\libgcc.a(_fixunssfsi.o)
 .bss           0x00800230        0x0 d:/engineering/embedded/imt_dip/embedded-tools/winavr/bin/../lib/gcc/avr/4.3.3/avr5\libgcc.a(_addsub_sf.o)
 .bss           0x00800230        0x0 d:/engineering/embedded/imt_dip/embedded-tools/winavr/bin/../lib/gcc/avr/4.3.3/avr5\libgcc.a(_mul_sf.o)
 .bss           0x00800230        0x0 d:/engineering/embedded/imt_dip/embedded-tools/winavr/bin/../lib/gcc/avr/4.3.3/avr5\libgcc.a(_ge_sf.o)
 .bss           0x00800230        0x0 d:/engineering/embedded/imt_dip/embedded-tools/winavr/bin/../lib/gcc/avr/4.3.3/avr5\libgcc.a(_si_to_sf.o)
 .bss           0x00800230        0x0 d:/engineering/embedded/imt_dip/embedded-tools/winavr/bin/../lib/gcc/avr/4.3.3/avr5\libgcc.a(_sf_to_si.o)
 .bss           0x00800230        0x0 d:/engineering/embedded/imt_dip/embedded-tools/winavr/bin/../lib/gcc/avr/4.3.3/avr5\libgcc.a(_thenan_sf.o)
 .bss           0x00800230        0x0 d:/engineering/embedded/imt_dip/embedded-tools/winavr/bin/../lib/gcc/avr/4.3.3/avr5\libgcc.a(_usi_to_sf.o)
 .bss           0x00800230        0x0 d:/engineering/embedded/imt_dip/embedded-tools/winavr/bin/../lib/gcc/avr/4.3.3/avr5\libgcc.a(_udivmodsi4.o)
 .bss           0x00800230        0x0 d:/engineering/embedded/imt_dip/embedded-tools/winavr/bin/../lib/gcc/avr/4.3.3/avr5\libgcc.a(_prologue.o)
 .bss           0x00800230        0x0 d:/engineering/embedded/imt_dip/embedded-tools/winavr/bin/../lib/gcc/avr/4.3.3/avr5\libgcc.a(_epilogue.o)
 .bss           0x00800230        0x0 d:/engineering/embedded/imt_dip/embedded-tools/winavr/bin/../lib/gcc/avr/4.3.3/avr5\libgcc.a(_clzsi2.o)
 .bss           0x00800230        0x0 d:/engineering/embedded/imt_dip/embedded-tools/winavr/bin/../lib/gcc/avr/4.3.3/avr5\libgcc.a(_pack_sf.o)
 .bss           0x00800230        0x0 d:/engineering/embedded/imt_dip/embedded-tools/winavr/bin/../lib/gcc/avr/4.3.3/avr5\libgcc.a(_unpack_sf.o)
 .bss           0x00800230        0x0 d:/engineering/embedded/imt_dip/embedded-tools/winavr/bin/../lib/gcc/avr/4.3.3/avr5\libgcc.a(_fpcmp_parts_sf.o)
 .bss           0x00800230        0x0 d:/engineering/embedded/imt_dip/embedded-tools/winavr/bin/../lib/gcc/avr/4.3.3/avr5\libgcc.a(_clz.o)
 .bss           0x00800230        0x0 d:/engineering/embedded/imt_dip/embedded-tools/winavr/bin/../lib/gcc/avr/4.3.3/../../../../avr/lib/avr5\libc.a(memcpy.o)
 *(.bss*)
 .bss.Local_u8ReciveFlag
                0x00800230        0x1 ./SRC/UserInput.o
 .bss.UI_cmd    0x00800231        0x1 ./SRC/UserInput.o
 .bss.xNextFreeByte
                0x00800232        0x2 ./FreeRTOS/heap_1.o
 .bss.pucAlignedHeap.1645
                0x00800234        0x2 ./FreeRTOS/heap_1.o
 .bss.ucHeap    0x00800236      0x320 ./FreeRTOS/heap_1.o
 .bss.pxCurrentTCB
                0x00800556        0x2 ./FreeRTOS/tasks.o
                0x00800556                pxCurrentTCB
 .bss.uxSchedulerSuspended
                0x00800558        0x1 ./FreeRTOS/tasks.o
 .bss.uxTopReadyPriority
                0x00800559        0x1 ./FreeRTOS/tasks.o
 .bss.xYieldPending
                0x0080055a        0x1 ./FreeRTOS/tasks.o
 .bss.xTickCount
                0x0080055b        0x2 ./FreeRTOS/tasks.o
 .bss.xNextTaskUnblockTime
                0x0080055d        0x2 ./FreeRTOS/tasks.o
 .bss.xNumOfOverflows
                0x0080055f        0x1 ./FreeRTOS/tasks.o
 .bss.uxPendedTicks
                0x00800560        0x1 ./FreeRTOS/tasks.o
 .bss.uxCurrentNumberOfTasks
                0x00800561        0x1 ./FreeRTOS/tasks.o
 .bss.xSchedulerRunning
                0x00800562        0x1 ./FreeRTOS/tasks.o
 .bss.xIdleTaskHandle
                0x00800563        0x2 ./FreeRTOS/tasks.o
 .bss.uxTaskNumber
                0x00800565        0x1 ./FreeRTOS/tasks.o
 .bss.pxReadyTasksLists
                0x00800566       0x24 ./FreeRTOS/tasks.o
 .bss.xDelayedTaskList1
                0x0080058a        0x9 ./FreeRTOS/tasks.o
 .bss.xDelayedTaskList2
                0x00800593        0x9 ./FreeRTOS/tasks.o
 .bss.pxDelayedTaskList
                0x0080059c        0x2 ./FreeRTOS/tasks.o
 .bss.pxOverflowDelayedTaskList
                0x0080059e        0x2 ./FreeRTOS/tasks.o
 .bss.xPendingReadyList
                0x008005a0        0x9 ./FreeRTOS/tasks.o
 .bss.UART_copy_ptr_str
                0x008005a9        0x2 ./Drivers/MCAL/UART/UART_program.o
 .bss.UART_Rx_callback
                0x008005ab        0x2 ./Drivers/MCAL/UART/UART_program.o
 .bss.str_index.1249
                0x008005ad        0x1 ./Drivers/MCAL/UART/UART_program.o
 .bss.callback_functions_address
                0x008005ae        0x2 ./Drivers/MCAL/ADC/ADC_program.o
 *(COMMON)
 COMMON         0x008005b0        0x1 ./SRC/TempUpdate.o
                0x008005b0                Global_u8Temp
 COMMON         0x008005b1        0x2 ./SRC/main.o
                0x008005b1                E_Gr
                0x008005b3                PROVIDE (__bss_end, .)
                0x00003ed4                __data_load_start = LOADADDR (.data)
                0x000040a4                __data_load_end = (__data_load_start + SIZEOF (.data))

.noinit         0x008005b3        0x0
                0x008005b3                PROVIDE (__noinit_start, .)
 *(.noinit*)
                0x008005b3                PROVIDE (__noinit_end, .)
                0x008005b3                _end = .
                0x008005b3                PROVIDE (__heap_start, .)

.eeprom         0x00810000        0x0
 *(.eeprom*)
                0x00810000                __eeprom_end = .

.fuse
 *(.fuse)
 *(.lfuse)
 *(.hfuse)
 *(.efuse)

.lock
 *(.lock*)

.signature
 *(.signature*)

.stab
 *(.stab)

.stabstr
 *(.stabstr)

.stab.excl
 *(.stab.excl)

.stab.exclstr
 *(.stab.exclstr)

.stab.index
 *(.stab.index)

.stab.indexstr
 *(.stab.indexstr)

.comment
 *(.comment)

.debug
 *(.debug)

.line
 *(.line)

.debug_srcinfo
 *(.debug_srcinfo)

.debug_sfnames
 *(.debug_sfnames)

.debug_aranges  0x00000000      0x160
 *(.debug_aranges)
 .debug_aranges
                0x00000000       0x20 d:/engineering/embedded/imt_dip/embedded-tools/winavr/bin/../lib/gcc/avr/4.3.3/avr5\libgcc.a(_fixunssfsi.o)
 .debug_aranges
                0x00000020       0x20 d:/engineering/embedded/imt_dip/embedded-tools/winavr/bin/../lib/gcc/avr/4.3.3/avr5\libgcc.a(_addsub_sf.o)
 .debug_aranges
                0x00000040       0x20 d:/engineering/embedded/imt_dip/embedded-tools/winavr/bin/../lib/gcc/avr/4.3.3/avr5\libgcc.a(_mul_sf.o)
 .debug_aranges
                0x00000060       0x20 d:/engineering/embedded/imt_dip/embedded-tools/winavr/bin/../lib/gcc/avr/4.3.3/avr5\libgcc.a(_ge_sf.o)
 .debug_aranges
                0x00000080       0x20 d:/engineering/embedded/imt_dip/embedded-tools/winavr/bin/../lib/gcc/avr/4.3.3/avr5\libgcc.a(_si_to_sf.o)
 .debug_aranges
                0x000000a0       0x20 d:/engineering/embedded/imt_dip/embedded-tools/winavr/bin/../lib/gcc/avr/4.3.3/avr5\libgcc.a(_sf_to_si.o)
 .debug_aranges
                0x000000c0       0x20 d:/engineering/embedded/imt_dip/embedded-tools/winavr/bin/../lib/gcc/avr/4.3.3/avr5\libgcc.a(_usi_to_sf.o)
 .debug_aranges
                0x000000e0       0x20 d:/engineering/embedded/imt_dip/embedded-tools/winavr/bin/../lib/gcc/avr/4.3.3/avr5\libgcc.a(_clzsi2.o)
 .debug_aranges
                0x00000100       0x20 d:/engineering/embedded/imt_dip/embedded-tools/winavr/bin/../lib/gcc/avr/4.3.3/avr5\libgcc.a(_pack_sf.o)
 .debug_aranges
                0x00000120       0x20 d:/engineering/embedded/imt_dip/embedded-tools/winavr/bin/../lib/gcc/avr/4.3.3/avr5\libgcc.a(_unpack_sf.o)
 .debug_aranges
                0x00000140       0x20 d:/engineering/embedded/imt_dip/embedded-tools/winavr/bin/../lib/gcc/avr/4.3.3/avr5\libgcc.a(_fpcmp_parts_sf.o)

.debug_pubnames
                0x00000000      0x1b9
 *(.debug_pubnames)
 .debug_pubnames
                0x00000000       0x23 d:/engineering/embedded/imt_dip/embedded-tools/winavr/bin/../lib/gcc/avr/4.3.3/avr5\libgcc.a(_fixunssfsi.o)
 .debug_pubnames
                0x00000023       0x2c d:/engineering/embedded/imt_dip/embedded-tools/winavr/bin/../lib/gcc/avr/4.3.3/avr5\libgcc.a(_addsub_sf.o)
 .debug_pubnames
                0x0000004f       0x1f d:/engineering/embedded/imt_dip/embedded-tools/winavr/bin/../lib/gcc/avr/4.3.3/avr5\libgcc.a(_mul_sf.o)
 .debug_pubnames
                0x0000006e       0x1e d:/engineering/embedded/imt_dip/embedded-tools/winavr/bin/../lib/gcc/avr/4.3.3/avr5\libgcc.a(_ge_sf.o)
 .debug_pubnames
                0x0000008c       0x22 d:/engineering/embedded/imt_dip/embedded-tools/winavr/bin/../lib/gcc/avr/4.3.3/avr5\libgcc.a(_si_to_sf.o)
 .debug_pubnames
                0x000000ae       0x20 d:/engineering/embedded/imt_dip/embedded-tools/winavr/bin/../lib/gcc/avr/4.3.3/avr5\libgcc.a(_sf_to_si.o)
 .debug_pubnames
                0x000000ce       0x22 d:/engineering/embedded/imt_dip/embedded-tools/winavr/bin/../lib/gcc/avr/4.3.3/avr5\libgcc.a(_thenan_sf.o)
 .debug_pubnames
                0x000000f0       0x24 d:/engineering/embedded/imt_dip/embedded-tools/winavr/bin/../lib/gcc/avr/4.3.3/avr5\libgcc.a(_usi_to_sf.o)
 .debug_pubnames
                0x00000114       0x1f d:/engineering/embedded/imt_dip/embedded-tools/winavr/bin/../lib/gcc/avr/4.3.3/avr5\libgcc.a(_clzsi2.o)
 .debug_pubnames
                0x00000133       0x1f d:/engineering/embedded/imt_dip/embedded-tools/winavr/bin/../lib/gcc/avr/4.3.3/avr5\libgcc.a(_pack_sf.o)
 .debug_pubnames
                0x00000152       0x21 d:/engineering/embedded/imt_dip/embedded-tools/winavr/bin/../lib/gcc/avr/4.3.3/avr5\libgcc.a(_unpack_sf.o)
 .debug_pubnames
                0x00000173       0x26 d:/engineering/embedded/imt_dip/embedded-tools/winavr/bin/../lib/gcc/avr/4.3.3/avr5\libgcc.a(_fpcmp_parts_sf.o)
 .debug_pubnames
                0x00000199       0x20 d:/engineering/embedded/imt_dip/embedded-tools/winavr/bin/../lib/gcc/avr/4.3.3/avr5\libgcc.a(_clz.o)

.debug_info     0x00000000     0x1d18
 *(.debug_info)
 .debug_info    0x00000000       0xb1 d:/engineering/embedded/imt_dip/embedded-tools/winavr/bin/../lib/gcc/avr/4.3.3/avr5\libgcc.a(_fixunssfsi.o)
 .debug_info    0x000000b1      0x47a d:/engineering/embedded/imt_dip/embedded-tools/winavr/bin/../lib/gcc/avr/4.3.3/avr5\libgcc.a(_addsub_sf.o)
 .debug_info    0x0000052b      0x485 d:/engineering/embedded/imt_dip/embedded-tools/winavr/bin/../lib/gcc/avr/4.3.3/avr5\libgcc.a(_mul_sf.o)
 .debug_info    0x000009b0      0x27f d:/engineering/embedded/imt_dip/embedded-tools/winavr/bin/../lib/gcc/avr/4.3.3/avr5\libgcc.a(_ge_sf.o)
 .debug_info    0x00000c2f      0x207 d:/engineering/embedded/imt_dip/embedded-tools/winavr/bin/../lib/gcc/avr/4.3.3/avr5\libgcc.a(_si_to_sf.o)
 .debug_info    0x00000e36      0x2b0 d:/engineering/embedded/imt_dip/embedded-tools/winavr/bin/../lib/gcc/avr/4.3.3/avr5\libgcc.a(_sf_to_si.o)
 .debug_info    0x000010e6      0x12c d:/engineering/embedded/imt_dip/embedded-tools/winavr/bin/../lib/gcc/avr/4.3.3/avr5\libgcc.a(_thenan_sf.o)
 .debug_info    0x00001212      0x206 d:/engineering/embedded/imt_dip/embedded-tools/winavr/bin/../lib/gcc/avr/4.3.3/avr5\libgcc.a(_usi_to_sf.o)
 .debug_info    0x00001418      0x117 d:/engineering/embedded/imt_dip/embedded-tools/winavr/bin/../lib/gcc/avr/4.3.3/avr5\libgcc.a(_clzsi2.o)
 .debug_info    0x0000152f      0x2df d:/engineering/embedded/imt_dip/embedded-tools/winavr/bin/../lib/gcc/avr/4.3.3/avr5\libgcc.a(_pack_sf.o)
 .debug_info    0x0000180e      0x251 d:/engineering/embedded/imt_dip/embedded-tools/winavr/bin/../lib/gcc/avr/4.3.3/avr5\libgcc.a(_unpack_sf.o)
 .debug_info    0x00001a5f      0x210 d:/engineering/embedded/imt_dip/embedded-tools/winavr/bin/../lib/gcc/avr/4.3.3/avr5\libgcc.a(_fpcmp_parts_sf.o)
 .debug_info    0x00001c6f       0xa9 d:/engineering/embedded/imt_dip/embedded-tools/winavr/bin/../lib/gcc/avr/4.3.3/avr5\libgcc.a(_clz.o)
 *(.gnu.linkonce.wi.*)

.debug_abbrev   0x00000000     0x1004
 *(.debug_abbrev)
 .debug_abbrev  0x00000000       0x5d d:/engineering/embedded/imt_dip/embedded-tools/winavr/bin/../lib/gcc/avr/4.3.3/avr5\libgcc.a(_fixunssfsi.o)
 .debug_abbrev  0x0000005d      0x1ea d:/engineering/embedded/imt_dip/embedded-tools/winavr/bin/../lib/gcc/avr/4.3.3/avr5\libgcc.a(_addsub_sf.o)
 .debug_abbrev  0x00000247      0x21b d:/engineering/embedded/imt_dip/embedded-tools/winavr/bin/../lib/gcc/avr/4.3.3/avr5\libgcc.a(_mul_sf.o)
 .debug_abbrev  0x00000462      0x15a d:/engineering/embedded/imt_dip/embedded-tools/winavr/bin/../lib/gcc/avr/4.3.3/avr5\libgcc.a(_ge_sf.o)
 .debug_abbrev  0x000005bc      0x148 d:/engineering/embedded/imt_dip/embedded-tools/winavr/bin/../lib/gcc/avr/4.3.3/avr5\libgcc.a(_si_to_sf.o)
 .debug_abbrev  0x00000704      0x17f d:/engineering/embedded/imt_dip/embedded-tools/winavr/bin/../lib/gcc/avr/4.3.3/avr5\libgcc.a(_sf_to_si.o)
 .debug_abbrev  0x00000883       0xad d:/engineering/embedded/imt_dip/embedded-tools/winavr/bin/../lib/gcc/avr/4.3.3/avr5\libgcc.a(_thenan_sf.o)
 .debug_abbrev  0x00000930      0x157 d:/engineering/embedded/imt_dip/embedded-tools/winavr/bin/../lib/gcc/avr/4.3.3/avr5\libgcc.a(_usi_to_sf.o)
 .debug_abbrev  0x00000a87       0xc4 d:/engineering/embedded/imt_dip/embedded-tools/winavr/bin/../lib/gcc/avr/4.3.3/avr5\libgcc.a(_clzsi2.o)
 .debug_abbrev  0x00000b4b      0x1c0 d:/engineering/embedded/imt_dip/embedded-tools/winavr/bin/../lib/gcc/avr/4.3.3/avr5\libgcc.a(_pack_sf.o)
 .debug_abbrev  0x00000d0b      0x154 d:/engineering/embedded/imt_dip/embedded-tools/winavr/bin/../lib/gcc/avr/4.3.3/avr5\libgcc.a(_unpack_sf.o)
 .debug_abbrev  0x00000e5f      0x13b d:/engineering/embedded/imt_dip/embedded-tools/winavr/bin/../lib/gcc/avr/4.3.3/avr5\libgcc.a(_fpcmp_parts_sf.o)
 .debug_abbrev  0x00000f9a       0x6a d:/engineering/embedded/imt_dip/embedded-tools/winavr/bin/../lib/gcc/avr/4.3.3/avr5\libgcc.a(_clz.o)

.debug_line     0x00000000      0xf90
 *(.debug_line)
 .debug_line    0x00000000       0xa7 d:/engineering/embedded/imt_dip/embedded-tools/winavr/bin/../lib/gcc/avr/4.3.3/avr5\libgcc.a(_fixunssfsi.o)
 .debug_line    0x000000a7      0x2af d:/engineering/embedded/imt_dip/embedded-tools/winavr/bin/../lib/gcc/avr/4.3.3/avr5\libgcc.a(_addsub_sf.o)
 .debug_line    0x00000356      0x239 d:/engineering/embedded/imt_dip/embedded-tools/winavr/bin/../lib/gcc/avr/4.3.3/avr5\libgcc.a(_mul_sf.o)
 .debug_line    0x0000058f       0xd3 d:/engineering/embedded/imt_dip/embedded-tools/winavr/bin/../lib/gcc/avr/4.3.3/avr5\libgcc.a(_ge_sf.o)
 .debug_line    0x00000662      0x135 d:/engineering/embedded/imt_dip/embedded-tools/winavr/bin/../lib/gcc/avr/4.3.3/avr5\libgcc.a(_si_to_sf.o)
 .debug_line    0x00000797      0x109 d:/engineering/embedded/imt_dip/embedded-tools/winavr/bin/../lib/gcc/avr/4.3.3/avr5\libgcc.a(_sf_to_si.o)
 .debug_line    0x000008a0       0x90 d:/engineering/embedded/imt_dip/embedded-tools/winavr/bin/../lib/gcc/avr/4.3.3/avr5\libgcc.a(_thenan_sf.o)
 .debug_line    0x00000930      0x133 d:/engineering/embedded/imt_dip/embedded-tools/winavr/bin/../lib/gcc/avr/4.3.3/avr5\libgcc.a(_usi_to_sf.o)
 .debug_line    0x00000a63       0xa5 d:/engineering/embedded/imt_dip/embedded-tools/winavr/bin/../lib/gcc/avr/4.3.3/avr5\libgcc.a(_clzsi2.o)
 .debug_line    0x00000b08      0x18a d:/engineering/embedded/imt_dip/embedded-tools/winavr/bin/../lib/gcc/avr/4.3.3/avr5\libgcc.a(_pack_sf.o)
 .debug_line    0x00000c92      0x14b d:/engineering/embedded/imt_dip/embedded-tools/winavr/bin/../lib/gcc/avr/4.3.3/avr5\libgcc.a(_unpack_sf.o)
 .debug_line    0x00000ddd      0x137 d:/engineering/embedded/imt_dip/embedded-tools/winavr/bin/../lib/gcc/avr/4.3.3/avr5\libgcc.a(_fpcmp_parts_sf.o)
 .debug_line    0x00000f14       0x7c d:/engineering/embedded/imt_dip/embedded-tools/winavr/bin/../lib/gcc/avr/4.3.3/avr5\libgcc.a(_clz.o)

.debug_frame    0x00000000      0x180
 *(.debug_frame)
 .debug_frame   0x00000000       0x20 d:/engineering/embedded/imt_dip/embedded-tools/winavr/bin/../lib/gcc/avr/4.3.3/avr5\libgcc.a(_fixunssfsi.o)
 .debug_frame   0x00000020       0x40 d:/engineering/embedded/imt_dip/embedded-tools/winavr/bin/../lib/gcc/avr/4.3.3/avr5\libgcc.a(_addsub_sf.o)
 .debug_frame   0x00000060       0x20 d:/engineering/embedded/imt_dip/embedded-tools/winavr/bin/../lib/gcc/avr/4.3.3/avr5\libgcc.a(_mul_sf.o)
 .debug_frame   0x00000080       0x20 d:/engineering/embedded/imt_dip/embedded-tools/winavr/bin/../lib/gcc/avr/4.3.3/avr5\libgcc.a(_ge_sf.o)
 .debug_frame   0x000000a0       0x20 d:/engineering/embedded/imt_dip/embedded-tools/winavr/bin/../lib/gcc/avr/4.3.3/avr5\libgcc.a(_si_to_sf.o)
 .debug_frame   0x000000c0       0x20 d:/engineering/embedded/imt_dip/embedded-tools/winavr/bin/../lib/gcc/avr/4.3.3/avr5\libgcc.a(_sf_to_si.o)
 .debug_frame   0x000000e0       0x20 d:/engineering/embedded/imt_dip/embedded-tools/winavr/bin/../lib/gcc/avr/4.3.3/avr5\libgcc.a(_usi_to_sf.o)
 .debug_frame   0x00000100       0x20 d:/engineering/embedded/imt_dip/embedded-tools/winavr/bin/../lib/gcc/avr/4.3.3/avr5\libgcc.a(_clzsi2.o)
 .debug_frame   0x00000120       0x20 d:/engineering/embedded/imt_dip/embedded-tools/winavr/bin/../lib/gcc/avr/4.3.3/avr5\libgcc.a(_pack_sf.o)
 .debug_frame   0x00000140       0x20 d:/engineering/embedded/imt_dip/embedded-tools/winavr/bin/../lib/gcc/avr/4.3.3/avr5\libgcc.a(_unpack_sf.o)
 .debug_frame   0x00000160       0x20 d:/engineering/embedded/imt_dip/embedded-tools/winavr/bin/../lib/gcc/avr/4.3.3/avr5\libgcc.a(_fpcmp_parts_sf.o)

.debug_str      0x00000000      0x2c2
 *(.debug_str)
 .debug_str     0x00000000       0xbf d:/engineering/embedded/imt_dip/embedded-tools/winavr/bin/../lib/gcc/avr/4.3.3/avr5\libgcc.a(_fixunssfsi.o)
                                 0xfe (size before relaxing)
 .debug_str     0x000000bf      0x14d d:/engineering/embedded/imt_dip/embedded-tools/winavr/bin/../lib/gcc/avr/4.3.3/avr5\libgcc.a(_addsub_sf.o)
                                0x206 (size before relaxing)
 .debug_str     0x0000020c       0x27 d:/engineering/embedded/imt_dip/embedded-tools/winavr/bin/../lib/gcc/avr/4.3.3/avr5\libgcc.a(_mul_sf.o)
                                0x1bf (size before relaxing)
 .debug_str     0x00000233        0x8 d:/engineering/embedded/imt_dip/embedded-tools/winavr/bin/../lib/gcc/avr/4.3.3/avr5\libgcc.a(_ge_sf.o)
                                0x195 (size before relaxing)
 .debug_str     0x0000023b       0x1e d:/engineering/embedded/imt_dip/embedded-tools/winavr/bin/../lib/gcc/avr/4.3.3/avr5\libgcc.a(_si_to_sf.o)
                                0x17b (size before relaxing)
 .debug_str     0x00000259        0xa d:/engineering/embedded/imt_dip/embedded-tools/winavr/bin/../lib/gcc/avr/4.3.3/avr5\libgcc.a(_sf_to_si.o)
                                0x19e (size before relaxing)
 .debug_str     0x00000000      0x103 d:/engineering/embedded/imt_dip/embedded-tools/winavr/bin/../lib/gcc/avr/4.3.3/avr5\libgcc.a(_thenan_sf.o)
 .debug_str     0x00000263       0x14 d:/engineering/embedded/imt_dip/embedded-tools/winavr/bin/../lib/gcc/avr/4.3.3/avr5\libgcc.a(_usi_to_sf.o)
                                0x177 (size before relaxing)
 .debug_str     0x00000277       0x20 d:/engineering/embedded/imt_dip/embedded-tools/winavr/bin/../lib/gcc/avr/4.3.3/avr5\libgcc.a(_clzsi2.o)
                                0x111 (size before relaxing)
 .debug_str     0x00000297       0x10 d:/engineering/embedded/imt_dip/embedded-tools/winavr/bin/../lib/gcc/avr/4.3.3/avr5\libgcc.a(_pack_sf.o)
                                0x19d (size before relaxing)
 .debug_str     0x000002a7        0xb d:/engineering/embedded/imt_dip/embedded-tools/winavr/bin/../lib/gcc/avr/4.3.3/avr5\libgcc.a(_unpack_sf.o)
                                0x17f (size before relaxing)
 .debug_str     0x000002b2       0x10 d:/engineering/embedded/imt_dip/embedded-tools/winavr/bin/../lib/gcc/avr/4.3.3/avr5\libgcc.a(_fpcmp_parts_sf.o)
                                0x163 (size before relaxing)
 .debug_str     0x00000000       0xf4 d:/engineering/embedded/imt_dip/embedded-tools/winavr/bin/../lib/gcc/avr/4.3.3/avr5\libgcc.a(_clz.o)

.debug_loc      0x00000000      0x8e2
 *(.debug_loc)
 .debug_loc     0x00000000       0x34 d:/engineering/embedded/imt_dip/embedded-tools/winavr/bin/../lib/gcc/avr/4.3.3/avr5\libgcc.a(_fixunssfsi.o)
 .debug_loc     0x00000034      0x32a d:/engineering/embedded/imt_dip/embedded-tools/winavr/bin/../lib/gcc/avr/4.3.3/avr5\libgcc.a(_addsub_sf.o)
 .debug_loc     0x0000035e      0x104 d:/engineering/embedded/imt_dip/embedded-tools/winavr/bin/../lib/gcc/avr/4.3.3/avr5\libgcc.a(_mul_sf.o)
 .debug_loc     0x00000462       0x3c d:/engineering/embedded/imt_dip/embedded-tools/winavr/bin/../lib/gcc/avr/4.3.3/avr5\libgcc.a(_ge_sf.o)
 .debug_loc     0x0000049e       0xac d:/engineering/embedded/imt_dip/embedded-tools/winavr/bin/../lib/gcc/avr/4.3.3/avr5\libgcc.a(_si_to_sf.o)
 .debug_loc     0x0000054a       0x7e d:/engineering/embedded/imt_dip/embedded-tools/winavr/bin/../lib/gcc/avr/4.3.3/avr5\libgcc.a(_sf_to_si.o)
 .debug_loc     0x000005c8       0x4c d:/engineering/embedded/imt_dip/embedded-tools/winavr/bin/../lib/gcc/avr/4.3.3/avr5\libgcc.a(_usi_to_sf.o)
 .debug_loc     0x00000614       0x94 d:/engineering/embedded/imt_dip/embedded-tools/winavr/bin/../lib/gcc/avr/4.3.3/avr5\libgcc.a(_clzsi2.o)
 .debug_loc     0x000006a8      0x13e d:/engineering/embedded/imt_dip/embedded-tools/winavr/bin/../lib/gcc/avr/4.3.3/avr5\libgcc.a(_pack_sf.o)
 .debug_loc     0x000007e6       0xac d:/engineering/embedded/imt_dip/embedded-tools/winavr/bin/../lib/gcc/avr/4.3.3/avr5\libgcc.a(_unpack_sf.o)
 .debug_loc     0x00000892       0x50 d:/engineering/embedded/imt_dip/embedded-tools/winavr/bin/../lib/gcc/avr/4.3.3/avr5\libgcc.a(_fpcmp_parts_sf.o)

.debug_macinfo
 *(.debug_macinfo)
OUTPUT(NTI_RTOS_PROJ_TempMonitorSys.elf elf32-avr)
LOAD linker stubs

.debug_ranges   0x00000000       0x50
 .debug_ranges  0x00000000       0x50 d:/engineering/embedded/imt_dip/embedded-tools/winavr/bin/../lib/gcc/avr/4.3.3/avr5\libgcc.a(_mul_sf.o)
