Archive member included because of file (symbol)

d:/engineering/embedded/imt_dip/embedded-tools/winavr/bin/../lib/gcc/avr/4.3.3/avr5\libgcc.a(_mulsi3.o)
                              ./Drivers/HAL/LCD/LCD_program.o (__mulsi3)
d:/engineering/embedded/imt_dip/embedded-tools/winavr/bin/../lib/gcc/avr/4.3.3/avr5\libgcc.a(_udivmodhi4.o)
                              ./Drivers/HAL/Temp_sensor/Temp_sensor_program.o (__udivmodhi4)
d:/engineering/embedded/imt_dip/embedded-tools/winavr/bin/../lib/gcc/avr/4.3.3/avr5\libgcc.a(_divmodsi4.o)
                              ./Drivers/HAL/LCD/LCD_program.o (__divmodsi4)
d:/engineering/embedded/imt_dip/embedded-tools/winavr/bin/../lib/gcc/avr/4.3.3/avr5\libgcc.a(_exit.o)
                              d:/engineering/embedded/imt_dip/embedded-tools/winavr/bin/../lib/gcc/avr/4.3.3/../../../../avr/lib/avr5/crtm32.o (exit)
d:/engineering/embedded/imt_dip/embedded-tools/winavr/bin/../lib/gcc/avr/4.3.3/avr5\libgcc.a(_copy_data.o)
                              ./SRC/Alarm.o (__do_copy_data)
d:/engineering/embedded/imt_dip/embedded-tools/winavr/bin/../lib/gcc/avr/4.3.3/avr5\libgcc.a(_clear_bss.o)
                              ./SRC/TempUpdate.o (__do_clear_bss)
d:/engineering/embedded/imt_dip/embedded-tools/winavr/bin/../lib/gcc/avr/4.3.3/avr5\libgcc.a(_fixunssfsi.o)
                              ./SRC/TempUpdate.o (__fixunssfsi)
d:/engineering/embedded/imt_dip/embedded-tools/winavr/bin/../lib/gcc/avr/4.3.3/avr5\libgcc.a(_addsub_sf.o)
                              ./Drivers/HAL/LCD/LCD_program.o (__subsf3)
d:/engineering/embedded/imt_dip/embedded-tools/winavr/bin/../lib/gcc/avr/4.3.3/avr5\libgcc.a(_mul_sf.o)
                              ./Drivers/HAL/Temp_sensor/Temp_sensor_program.o (__mulsf3)
d:/engineering/embedded/imt_dip/embedded-tools/winavr/bin/../lib/gcc/avr/4.3.3/avr5\libgcc.a(_div_sf.o)
                              ./Drivers/HAL/Temp_sensor/Temp_sensor_program.o (__divsf3)
d:/engineering/embedded/imt_dip/embedded-tools/winavr/bin/../lib/gcc/avr/4.3.3/avr5\libgcc.a(_gt_sf.o)
                              ./Drivers/HAL/LCD/LCD_program.o (__gtsf2)
d:/engineering/embedded/imt_dip/embedded-tools/winavr/bin/../lib/gcc/avr/4.3.3/avr5\libgcc.a(_ge_sf.o)
                              d:/engineering/embedded/imt_dip/embedded-tools/winavr/bin/../lib/gcc/avr/4.3.3/avr5\libgcc.a(_fixunssfsi.o) (__gesf2)
d:/engineering/embedded/imt_dip/embedded-tools/winavr/bin/../lib/gcc/avr/4.3.3/avr5\libgcc.a(_lt_sf.o)
                              ./Drivers/HAL/LCD/LCD_program.o (__ltsf2)
d:/engineering/embedded/imt_dip/embedded-tools/winavr/bin/../lib/gcc/avr/4.3.3/avr5\libgcc.a(_si_to_sf.o)
                              ./Drivers/HAL/LCD/LCD_program.o (__floatsisf)
d:/engineering/embedded/imt_dip/embedded-tools/winavr/bin/../lib/gcc/avr/4.3.3/avr5\libgcc.a(_sf_to_si.o)
                              ./Drivers/HAL/LCD/LCD_program.o (__fixsfsi)
d:/engineering/embedded/imt_dip/embedded-tools/winavr/bin/../lib/gcc/avr/4.3.3/avr5\libgcc.a(_thenan_sf.o)
                              d:/engineering/embedded/imt_dip/embedded-tools/winavr/bin/../lib/gcc/avr/4.3.3/avr5\libgcc.a(_addsub_sf.o) (__thenan_sf)
d:/engineering/embedded/imt_dip/embedded-tools/winavr/bin/../lib/gcc/avr/4.3.3/avr5\libgcc.a(_usi_to_sf.o)
                              ./Drivers/HAL/Temp_sensor/Temp_sensor_program.o (__floatunsisf)
d:/engineering/embedded/imt_dip/embedded-tools/winavr/bin/../lib/gcc/avr/4.3.3/avr5\libgcc.a(_udivmodsi4.o)
                              d:/engineering/embedded/imt_dip/embedded-tools/winavr/bin/../lib/gcc/avr/4.3.3/avr5\libgcc.a(_divmodsi4.o) (__udivmodsi4)
d:/engineering/embedded/imt_dip/embedded-tools/winavr/bin/../lib/gcc/avr/4.3.3/avr5\libgcc.a(_prologue.o)
                              d:/engineering/embedded/imt_dip/embedded-tools/winavr/bin/../lib/gcc/avr/4.3.3/avr5\libgcc.a(_addsub_sf.o) (__prologue_saves__)
d:/engineering/embedded/imt_dip/embedded-tools/winavr/bin/../lib/gcc/avr/4.3.3/avr5\libgcc.a(_epilogue.o)
                              d:/engineering/embedded/imt_dip/embedded-tools/winavr/bin/../lib/gcc/avr/4.3.3/avr5\libgcc.a(_addsub_sf.o) (__epilogue_restores__)
d:/engineering/embedded/imt_dip/embedded-tools/winavr/bin/../lib/gcc/avr/4.3.3/avr5\libgcc.a(_clzsi2.o)
                              d:/engineering/embedded/imt_dip/embedded-tools/winavr/bin/../lib/gcc/avr/4.3.3/avr5\libgcc.a(_si_to_sf.o) (__clzsi2)
d:/engineering/embedded/imt_dip/embedded-tools/winavr/bin/../lib/gcc/avr/4.3.3/avr5\libgcc.a(_pack_sf.o)
                              d:/engineering/embedded/imt_dip/embedded-tools/winavr/bin/../lib/gcc/avr/4.3.3/avr5\libgcc.a(_addsub_sf.o) (__pack_f)
d:/engineering/embedded/imt_dip/embedded-tools/winavr/bin/../lib/gcc/avr/4.3.3/avr5\libgcc.a(_unpack_sf.o)
                              d:/engineering/embedded/imt_dip/embedded-tools/winavr/bin/../lib/gcc/avr/4.3.3/avr5\libgcc.a(_addsub_sf.o) (__unpack_f)
d:/engineering/embedded/imt_dip/embedded-tools/winavr/bin/../lib/gcc/avr/4.3.3/avr5\libgcc.a(_fpcmp_parts_sf.o)
                              d:/engineering/embedded/imt_dip/embedded-tools/winavr/bin/../lib/gcc/avr/4.3.3/avr5\libgcc.a(_gt_sf.o) (__fpcmp_parts_f)
d:/engineering/embedded/imt_dip/embedded-tools/winavr/bin/../lib/gcc/avr/4.3.3/avr5\libgcc.a(_clz.o)
                              d:/engineering/embedded/imt_dip/embedded-tools/winavr/bin/../lib/gcc/avr/4.3.3/avr5\libgcc.a(_clzsi2.o) (__clz_tab)
d:/engineering/embedded/imt_dip/embedded-tools/winavr/bin/../lib/gcc/avr/4.3.3/../../../../avr/lib/avr5\libc.a(memcpy.o)
                              ./FreeRTOS/queue.o (memcpy)

Allocating common symbols
Common symbol       size              file

E_Gr                0x2               ./SRC/main.o

Memory Configuration

Name             Origin             Length             Attributes
text             0x00000000         0x00020000         xr
data             0x00800060         0x0000ffa0         rw !x
eeprom           0x00810000         0x00010000         rw !x
fuse             0x00820000         0x00000400         rw !x
lock             0x00830000         0x00000400         rw !x
signature        0x00840000         0x00000400         rw !x
*default*        0x00000000         0xffffffff

Linker script and memory map

LOAD d:/engineering/embedded/imt_dip/embedded-tools/winavr/bin/../lib/gcc/avr/4.3.3/../../../../avr/lib/avr5/crtm32.o
LOAD ./SRC/Alarm.o
LOAD ./SRC/LCDdisp.o
LOAD ./SRC/TempUpdate.o
LOAD ./SRC/UserInput.o
LOAD ./SRC/main.o
LOAD ./FreeRTOS/croutine.o
LOAD ./FreeRTOS/event_groups.o
LOAD ./FreeRTOS/heap_1.o
LOAD ./FreeRTOS/list.o
LOAD ./FreeRTOS/port.o
LOAD ./FreeRTOS/queue.o
LOAD ./FreeRTOS/tasks.o
LOAD ./FreeRTOS/timers.o
LOAD ./Drivers/MCAL/UART/UART_program.o
LOAD ./Drivers/MCAL/DIO/DIO_program.o
LOAD ./Drivers/MCAL/ADC/ADC_program.o
LOAD ./Drivers/HAL/Temp_sensor/Temp_sensor_program.o
LOAD ./Drivers/HAL/LCD/LCD_program.o
LOAD ./Drivers/HAL/KEYPAD/KEYPAD_program.o
LOAD d:/engineering/embedded/imt_dip/embedded-tools/winavr/bin/../lib/gcc/avr/4.3.3/avr5\libgcc.a
LOAD d:/engineering/embedded/imt_dip/embedded-tools/winavr/bin/../lib/gcc/avr/4.3.3/../../../../avr/lib/avr5\libc.a
LOAD d:/engineering/embedded/imt_dip/embedded-tools/winavr/bin/../lib/gcc/avr/4.3.3/avr5\libgcc.a

.hash
 *(.hash)

.dynsym
 *(.dynsym)

.dynstr
 *(.dynstr)

.gnu.version
 *(.gnu.version)

.gnu.version_d
 *(.gnu.version_d)

.gnu.version_r
 *(.gnu.version_r)

.rel.init
 *(.rel.init)

.rela.init
 *(.rela.init)

.rel.text
 *(.rel.text)
 *(.rel.text.*)
 *(.rel.gnu.linkonce.t*)

.rela.text
 *(.rela.text)
 *(.rela.text.*)
 *(.rela.gnu.linkonce.t*)

.rel.fini
 *(.rel.fini)

.rela.fini
 *(.rela.fini)

.rel.rodata
 *(.rel.rodata)
 *(.rel.rodata.*)
 *(.rel.gnu.linkonce.r*)

.rela.rodata
 *(.rela.rodata)
 *(.rela.rodata.*)
 *(.rela.gnu.linkonce.r*)

.rel.data
 *(.rel.data)
 *(.rel.data.*)
 *(.rel.gnu.linkonce.d*)

.rela.data
 *(.rela.data)
 *(.rela.data.*)
 *(.rela.gnu.linkonce.d*)

.rel.ctors
 *(.rel.ctors)

.rela.ctors
 *(.rela.ctors)

.rel.dtors
 *(.rel.dtors)

.rela.dtors
 *(.rela.dtors)

.rel.got
 *(.rel.got)

.rela.got
 *(.rela.got)

.rel.bss
 *(.rel.bss)

.rela.bss
 *(.rela.bss)

.rel.plt
 *(.rel.plt)

.rela.plt
 *(.rela.plt)

.text           0x00000000     0x9a32
 *(.vectors)
 .vectors       0x00000000       0x54 d:/engineering/embedded/imt_dip/embedded-tools/winavr/bin/../lib/gcc/avr/4.3.3/../../../../avr/lib/avr5/crtm32.o
                0x00000000                __vectors
                0x00000000                __vector_default
 *(.vectors)
 *(.progmem.gcc*)
 *(.progmem*)
                0x00000054                . = ALIGN (0x2)
                0x00000054                __trampolines_start = .
 *(.trampolines)
 .trampolines   0x00000054        0x0 linker stubs
 *(.trampolines*)
                0x00000054                __trampolines_end = .
 *(.jumptables)
 *(.jumptables*)
 *(.lowtext)
 *(.lowtext*)
                0x00000054                __ctors_start = .
 *(.ctors)
                0x00000054                __ctors_end = .
                0x00000054                __dtors_start = .
 *(.dtors)
                0x00000054                __dtors_end = .
 SORT(*)(.ctors)
 SORT(*)(.dtors)
 *(.init0)
 .init0         0x00000054        0x0 d:/engineering/embedded/imt_dip/embedded-tools/winavr/bin/../lib/gcc/avr/4.3.3/../../../../avr/lib/avr5/crtm32.o
                0x00000054                __init
 *(.init0)
 *(.init1)
 *(.init1)
 *(.init2)
 .init2         0x00000054        0xc d:/engineering/embedded/imt_dip/embedded-tools/winavr/bin/../lib/gcc/avr/4.3.3/../../../../avr/lib/avr5/crtm32.o
 *(.init2)
 *(.init3)
 *(.init3)
 *(.init4)
 .init4         0x00000060       0x16 d:/engineering/embedded/imt_dip/embedded-tools/winavr/bin/../lib/gcc/avr/4.3.3/avr5\libgcc.a(_copy_data.o)
                0x00000060                __do_copy_data
 .init4         0x00000076       0x10 d:/engineering/embedded/imt_dip/embedded-tools/winavr/bin/../lib/gcc/avr/4.3.3/avr5\libgcc.a(_clear_bss.o)
                0x00000076                __do_clear_bss
 *(.init4)
 *(.init5)
 *(.init5)
 *(.init6)
 *(.init6)
 *(.init7)
 *(.init7)
 *(.init8)
 *(.init8)
 *(.init9)
 .init9         0x00000086        0x8 d:/engineering/embedded/imt_dip/embedded-tools/winavr/bin/../lib/gcc/avr/4.3.3/../../../../avr/lib/avr5/crtm32.o
 *(.init9)
 *(.text)
 .text          0x0000008e        0x4 d:/engineering/embedded/imt_dip/embedded-tools/winavr/bin/../lib/gcc/avr/4.3.3/../../../../avr/lib/avr5/crtm32.o
                0x0000008e                __vector_1
                0x0000008e                __vector_12
                0x0000008e                __bad_interrupt
                0x0000008e                __vector_6
                0x0000008e                __vector_3
                0x0000008e                __vector_11
                0x0000008e                __vector_17
                0x0000008e                __vector_19
                0x0000008e                __vector_5
                0x0000008e                __vector_4
                0x0000008e                __vector_9
                0x0000008e                __vector_2
                0x0000008e                __vector_8
                0x0000008e                __vector_10
                0x0000008e                __vector_18
                0x0000008e                __vector_20
 .text          0x00000092        0x0 ./SRC/Alarm.o
 .text          0x00000092        0x0 ./SRC/LCDdisp.o
 .text          0x00000092        0x0 ./SRC/TempUpdate.o
 .text          0x00000092        0x0 ./SRC/UserInput.o
 .text          0x00000092        0x0 ./SRC/main.o
 .text          0x00000092        0x0 ./FreeRTOS/croutine.o
 .text          0x00000092        0x0 ./FreeRTOS/event_groups.o
 .text          0x00000092        0x0 ./FreeRTOS/heap_1.o
 .text          0x00000092        0x0 ./FreeRTOS/list.o
 .text          0x00000092        0x0 ./FreeRTOS/port.o
 .text          0x00000092        0x0 ./FreeRTOS/queue.o
 .text          0x00000092        0x0 ./FreeRTOS/tasks.o
 .text          0x00000092        0x0 ./FreeRTOS/timers.o
 .text          0x00000092        0x0 ./Drivers/MCAL/UART/UART_program.o
 .text          0x00000092        0x0 ./Drivers/MCAL/DIO/DIO_program.o
 .text          0x00000092        0x0 ./Drivers/MCAL/ADC/ADC_program.o
 .text          0x00000092        0x0 ./Drivers/HAL/Temp_sensor/Temp_sensor_program.o
 .text          0x00000092        0x0 ./Drivers/HAL/LCD/LCD_program.o
 .text          0x00000092        0x0 ./Drivers/HAL/KEYPAD/KEYPAD_program.o
 .text          0x00000092        0x0 d:/engineering/embedded/imt_dip/embedded-tools/winavr/bin/../lib/gcc/avr/4.3.3/avr5\libgcc.a(_mulsi3.o)
 .text          0x00000092        0x0 d:/engineering/embedded/imt_dip/embedded-tools/winavr/bin/../lib/gcc/avr/4.3.3/avr5\libgcc.a(_udivmodhi4.o)
 .text          0x00000092        0x0 d:/engineering/embedded/imt_dip/embedded-tools/winavr/bin/../lib/gcc/avr/4.3.3/avr5\libgcc.a(_divmodsi4.o)
 .text          0x00000092        0x0 d:/engineering/embedded/imt_dip/embedded-tools/winavr/bin/../lib/gcc/avr/4.3.3/avr5\libgcc.a(_exit.o)
 .text          0x00000092        0x0 d:/engineering/embedded/imt_dip/embedded-tools/winavr/bin/../lib/gcc/avr/4.3.3/avr5\libgcc.a(_copy_data.o)
 .text          0x00000092        0x0 d:/engineering/embedded/imt_dip/embedded-tools/winavr/bin/../lib/gcc/avr/4.3.3/avr5\libgcc.a(_clear_bss.o)
 .text          0x00000092       0x58 d:/engineering/embedded/imt_dip/embedded-tools/winavr/bin/../lib/gcc/avr/4.3.3/avr5\libgcc.a(_fixunssfsi.o)
                0x00000092                __fixunssfsi
 .text          0x000000ea      0x354 d:/engineering/embedded/imt_dip/embedded-tools/winavr/bin/../lib/gcc/avr/4.3.3/avr5\libgcc.a(_addsub_sf.o)
                0x00000382                __subsf3
                0x000003e4                __addsf3
 .text          0x0000043e      0x1f4 d:/engineering/embedded/imt_dip/embedded-tools/winavr/bin/../lib/gcc/avr/4.3.3/avr5\libgcc.a(_mul_sf.o)
                0x0000043e                __mulsf3
 .text          0x00000632      0x158 d:/engineering/embedded/imt_dip/embedded-tools/winavr/bin/../lib/gcc/avr/4.3.3/avr5\libgcc.a(_div_sf.o)
                0x00000632                __divsf3
 .text          0x0000078a       0x60 d:/engineering/embedded/imt_dip/embedded-tools/winavr/bin/../lib/gcc/avr/4.3.3/avr5\libgcc.a(_gt_sf.o)
                0x0000078a                __gtsf2
 .text          0x000007ea       0x60 d:/engineering/embedded/imt_dip/embedded-tools/winavr/bin/../lib/gcc/avr/4.3.3/avr5\libgcc.a(_ge_sf.o)
                0x000007ea                __gesf2
 .text          0x0000084a       0x60 d:/engineering/embedded/imt_dip/embedded-tools/winavr/bin/../lib/gcc/avr/4.3.3/avr5\libgcc.a(_lt_sf.o)
                0x0000084a                __ltsf2
 .text          0x000008aa       0xbc d:/engineering/embedded/imt_dip/embedded-tools/winavr/bin/../lib/gcc/avr/4.3.3/avr5\libgcc.a(_si_to_sf.o)
                0x000008aa                __floatsisf
 .text          0x00000966       0xa8 d:/engineering/embedded/imt_dip/embedded-tools/winavr/bin/../lib/gcc/avr/4.3.3/avr5\libgcc.a(_sf_to_si.o)
                0x00000966                __fixsfsi
 .text          0x00000a0e        0x0 d:/engineering/embedded/imt_dip/embedded-tools/winavr/bin/../lib/gcc/avr/4.3.3/avr5\libgcc.a(_thenan_sf.o)
 .text          0x00000a0e       0xf2 d:/engineering/embedded/imt_dip/embedded-tools/winavr/bin/../lib/gcc/avr/4.3.3/avr5\libgcc.a(_usi_to_sf.o)
                0x00000a0e                __floatunsisf
 .text          0x00000b00        0x0 d:/engineering/embedded/imt_dip/embedded-tools/winavr/bin/../lib/gcc/avr/4.3.3/avr5\libgcc.a(_udivmodsi4.o)
 .text          0x00000b00        0x0 d:/engineering/embedded/imt_dip/embedded-tools/winavr/bin/../lib/gcc/avr/4.3.3/avr5\libgcc.a(_prologue.o)
 .text          0x00000b00        0x0 d:/engineering/embedded/imt_dip/embedded-tools/winavr/bin/../lib/gcc/avr/4.3.3/avr5\libgcc.a(_epilogue.o)
 .text          0x00000b00       0x9e d:/engineering/embedded/imt_dip/embedded-tools/winavr/bin/../lib/gcc/avr/4.3.3/avr5\libgcc.a(_clzsi2.o)
                0x00000b00                __clzsi2
 .text          0x00000b9e      0x1aa d:/engineering/embedded/imt_dip/embedded-tools/winavr/bin/../lib/gcc/avr/4.3.3/avr5\libgcc.a(_pack_sf.o)
                0x00000b9e                __pack_f
 .text          0x00000d48       0xf0 d:/engineering/embedded/imt_dip/embedded-tools/winavr/bin/../lib/gcc/avr/4.3.3/avr5\libgcc.a(_unpack_sf.o)
                0x00000d48                __unpack_f
 .text          0x00000e38       0xb2 d:/engineering/embedded/imt_dip/embedded-tools/winavr/bin/../lib/gcc/avr/4.3.3/avr5\libgcc.a(_fpcmp_parts_sf.o)
                0x00000e38                __fpcmp_parts_f
 .text          0x00000eea        0x0 d:/engineering/embedded/imt_dip/embedded-tools/winavr/bin/../lib/gcc/avr/4.3.3/avr5\libgcc.a(_clz.o)
 .text          0x00000eea        0x0 d:/engineering/embedded/imt_dip/embedded-tools/winavr/bin/../lib/gcc/avr/4.3.3/../../../../avr/lib/avr5\libc.a(memcpy.o)
                0x00000eea                . = ALIGN (0x2)
 *(.text.*)
 .text.Alarm_init
                0x00000eea       0x48 ./SRC/Alarm.o
                0x00000eea                Alarm_init
 .text.ALarm_main
                0x00000f32       0x66 ./SRC/Alarm.o
                0x00000f32                ALarm_main
 .text.LCDdisp_init
                0x00000f98       0x3a ./SRC/LCDdisp.o
                0x00000f98                LCDdisp_init
 .text.LCDdisp_main
                0x00000fd2      0x1c4 ./SRC/LCDdisp.o
                0x00000fd2                LCDdisp_main
 .text.LCDdisp_writeScreen
                0x00001196       0xda ./SRC/LCDdisp.o
                0x00001196                LCDdisp_writeScreen
 .text.LCDdisp_writevalue
                0x00001270       0xcc ./SRC/LCDdisp.o
                0x00001270                LCDdisp_writevalue
 .text.TempUpdate_init
                0x0000133c       0x54 ./SRC/TempUpdate.o
                0x0000133c                TempUpdate_init
 .text.TempUpdate_main
                0x00001390       0x4c ./SRC/TempUpdate.o
                0x00001390                TempUpdate_main
 .text.UserInput_init
                0x000013dc        0xe ./SRC/UserInput.o
                0x000013dc                UserInput_init
 .text.UserInput_main
                0x000013ea       0x18 ./SRC/UserInput.o
                0x000013ea                UserInput_main
 .text.main     0x00001402       0x2a ./SRC/main.o
                0x00001402                main
 .text.xEventGroupCreate
                0x0000142c       0x3e ./FreeRTOS/event_groups.o
                0x0000142c                xEventGroupCreate
 .text.xEventGroupSync
                0x0000146a      0x172 ./FreeRTOS/event_groups.o
                0x0000146a                xEventGroupSync
 .text.xEventGroupWaitBits
                0x000015dc      0x18c ./FreeRTOS/event_groups.o
                0x000015dc                xEventGroupWaitBits
 .text.xEventGroupClearBits
                0x00001768       0x6c ./FreeRTOS/event_groups.o
                0x00001768                xEventGroupClearBits
 .text.xEventGroupGetBitsFromISR
                0x000017d4       0x44 ./FreeRTOS/event_groups.o
                0x000017d4                xEventGroupGetBitsFromISR
 .text.xEventGroupSetBits
                0x00001818      0x164 ./FreeRTOS/event_groups.o
                0x00001818                xEventGroupSetBits
 .text.vEventGroupDelete
                0x0000197c       0x62 ./FreeRTOS/event_groups.o
                0x0000197c                vEventGroupDelete
 .text.vEventGroupSetBitsCallback
                0x000019de       0x3a ./FreeRTOS/event_groups.o
                0x000019de                vEventGroupSetBitsCallback
 .text.vEventGroupClearBitsCallback
                0x00001a18       0x3a ./FreeRTOS/event_groups.o
                0x00001a18                vEventGroupClearBitsCallback
 .text.prvTestWaitCondition
                0x00001a52       0x64 ./FreeRTOS/event_groups.o
 .text.pvPortMalloc
                0x00001ab6       0xac ./FreeRTOS/heap_1.o
                0x00001ab6                pvPortMalloc
 .text.vPortFree
                0x00001b62       0x18 ./FreeRTOS/heap_1.o
                0x00001b62                vPortFree
 .text.vPortInitialiseBlocks
                0x00001b7a       0x16 ./FreeRTOS/heap_1.o
                0x00001b7a                vPortInitialiseBlocks
 .text.xPortGetFreeHeapSize
                0x00001b90       0x1e ./FreeRTOS/heap_1.o
                0x00001b90                xPortGetFreeHeapSize
 .text.vListInitialise
                0x00001bae       0x54 ./FreeRTOS/list.o
                0x00001bae                vListInitialise
 .text.vListInitialiseItem
                0x00001c02       0x20 ./FreeRTOS/list.o
                0x00001c02                vListInitialiseItem
 .text.vListInsertEnd
                0x00001c22       0x88 ./FreeRTOS/list.o
                0x00001c22                vListInsertEnd
 .text.vListInsert
                0x00001caa       0xd8 ./FreeRTOS/list.o
                0x00001caa                vListInsert
 .text.uxListRemove
                0x00001d82       0x98 ./FreeRTOS/list.o
                0x00001d82                uxListRemove
 .text.pxPortInitialiseStack
                0x00001e1a      0x306 ./FreeRTOS/port.o
                0x00001e1a                pxPortInitialiseStack
 .text.xPortStartScheduler
                0x00002120       0x6a ./FreeRTOS/port.o
                0x00002120                xPortStartScheduler
 .text.vPortEndScheduler
                0x0000218a        0xe ./FreeRTOS/port.o
                0x0000218a                vPortEndScheduler
 .text.vPortYield
                0x00002198       0xb2 ./FreeRTOS/port.o
                0x00002198                vPortYield
 .text.vPortYieldFromTick
                0x0000224a       0xba ./FreeRTOS/port.o
                0x0000224a                vPortYieldFromTick
 .text.prvSetupTimerInterrupt
                0x00002304       0xb8 ./FreeRTOS/port.o
 .text.__vector_7
                0x000023bc        0x6 ./FreeRTOS/port.o
                0x000023bc                __vector_7
 .text.xQueueGenericReset
                0x000023c2      0x10c ./FreeRTOS/queue.o
                0x000023c2                xQueueGenericReset
 .text.xQueueGenericCreate
                0x000024ce       0xa2 ./FreeRTOS/queue.o
                0x000024ce                xQueueGenericCreate
 .text.prvInitialiseNewQueue
                0x00002570       0x76 ./FreeRTOS/queue.o
 .text.xQueueGenericSend
                0x000025e6      0x158 ./FreeRTOS/queue.o
                0x000025e6                xQueueGenericSend
 .text.xQueueGenericSendFromISR
                0x0000273e       0xb0 ./FreeRTOS/queue.o
                0x0000273e                xQueueGenericSendFromISR
 .text.xQueueGiveFromISR
                0x000027ee       0xa2 ./FreeRTOS/queue.o
                0x000027ee                xQueueGiveFromISR
 .text.xQueueReceive
                0x00002890      0x156 ./FreeRTOS/queue.o
                0x00002890                xQueueReceive
 .text.xQueueSemaphoreTake
                0x000029e6      0x144 ./FreeRTOS/queue.o
                0x000029e6                xQueueSemaphoreTake
 .text.xQueuePeek
                0x00002b2a      0x164 ./FreeRTOS/queue.o
                0x00002b2a                xQueuePeek
 .text.xQueueReceiveFromISR
                0x00002c8e       0xae ./FreeRTOS/queue.o
                0x00002c8e                xQueueReceiveFromISR
 .text.xQueuePeekFromISR
                0x00002d3c       0x72 ./FreeRTOS/queue.o
                0x00002d3c                xQueuePeekFromISR
 .text.uxQueueMessagesWaiting
                0x00002dae       0x30 ./FreeRTOS/queue.o
                0x00002dae                uxQueueMessagesWaiting
 .text.uxQueueSpacesAvailable
                0x00002dde       0x4a ./FreeRTOS/queue.o
                0x00002dde                uxQueueSpacesAvailable
 .text.uxQueueMessagesWaitingFromISR
                0x00002e28       0x34 ./FreeRTOS/queue.o
                0x00002e28                uxQueueMessagesWaitingFromISR
 .text.vQueueDelete
                0x00002e5c       0x2e ./FreeRTOS/queue.o
                0x00002e5c                vQueueDelete
 .text.prvCopyDataToQueue
                0x00002e8a      0x14c ./FreeRTOS/queue.o
 .text.prvCopyDataFromQueue
                0x00002fd6       0x8e ./FreeRTOS/queue.o
 .text.prvUnlockQueue
                0x00003064       0xa6 ./FreeRTOS/queue.o
 .text.prvIsQueueEmpty
                0x0000310a       0x3a ./FreeRTOS/queue.o
 .text.xQueueIsQueueEmptyFromISR
                0x00003144       0x3e ./FreeRTOS/queue.o
                0x00003144                xQueueIsQueueEmptyFromISR
 .text.prvIsQueueFull
                0x00003182       0x40 ./FreeRTOS/queue.o
 .text.xQueueIsQueueFullFromISR
                0x000031c2       0x44 ./FreeRTOS/queue.o
                0x000031c2                xQueueIsQueueFullFromISR
 .text.xTaskCreate
                0x00003206       0xf0 ./FreeRTOS/tasks.o
                0x00003206                xTaskCreate
 .text.prvInitialiseNewTask
                0x000032f6      0x178 ./FreeRTOS/tasks.o
 .text.prvAddNewTaskToReadyList
                0x0000346e       0xf0 ./FreeRTOS/tasks.o
 .text.vTaskDelayUntil
                0x0000355e       0xe4 ./FreeRTOS/tasks.o
                0x0000355e                vTaskDelayUntil
 .text.vTaskDelay
                0x00003642       0x44 ./FreeRTOS/tasks.o
                0x00003642                vTaskDelay
 .text.vTaskStartScheduler
                0x00003686       0x64 ./FreeRTOS/tasks.o
                0x00003686                vTaskStartScheduler
 .text.vTaskEndScheduler
                0x000036ea       0x18 ./FreeRTOS/tasks.o
                0x000036ea                vTaskEndScheduler
 .text.vTaskSuspendAll
                0x00003702       0x18 ./FreeRTOS/tasks.o
                0x00003702                vTaskSuspendAll
 .text.xTaskResumeAll
                0x0000371a      0x126 ./FreeRTOS/tasks.o
                0x0000371a                xTaskResumeAll
 .text.xTaskGetTickCount
                0x00003840       0x2e ./FreeRTOS/tasks.o
                0x00003840                xTaskGetTickCount
 .text.xTaskGetTickCountFromISR
                0x0000386e       0x2a ./FreeRTOS/tasks.o
                0x0000386e                xTaskGetTickCountFromISR
 .text.uxTaskGetNumberOfTasks
                0x00003898       0x12 ./FreeRTOS/tasks.o
                0x00003898                uxTaskGetNumberOfTasks
 .text.pcTaskGetName
                0x000038aa       0x50 ./FreeRTOS/tasks.o
                0x000038aa                pcTaskGetName
 .text.xTaskIncrementTick
                0x000038fa      0x1ca ./FreeRTOS/tasks.o
                0x000038fa                xTaskIncrementTick
 .text.vTaskSwitchContext
                0x00003ac4       0xda ./FreeRTOS/tasks.o
                0x00003ac4                vTaskSwitchContext
 .text.vTaskPlaceOnEventList
                0x00003b9e       0x44 ./FreeRTOS/tasks.o
                0x00003b9e                vTaskPlaceOnEventList
 .text.vTaskPlaceOnUnorderedEventList
                0x00003be2       0x60 ./FreeRTOS/tasks.o
                0x00003be2                vTaskPlaceOnUnorderedEventList
 .text.xTaskRemoveFromEventList
                0x00003c42       0xd6 ./FreeRTOS/tasks.o
                0x00003c42                xTaskRemoveFromEventList
 .text.vTaskRemoveFromUnorderedEventList
                0x00003d18       0xba ./FreeRTOS/tasks.o
                0x00003d18                vTaskRemoveFromUnorderedEventList
 .text.vTaskSetTimeOutState
                0x00003dd2       0x3c ./FreeRTOS/tasks.o
                0x00003dd2                vTaskSetTimeOutState
 .text.vTaskInternalSetTimeOutState
                0x00003e0e       0x32 ./FreeRTOS/tasks.o
                0x00003e0e                vTaskInternalSetTimeOutState
 .text.xTaskCheckForTimeOut
                0x00003e40       0xc6 ./FreeRTOS/tasks.o
                0x00003e40                xTaskCheckForTimeOut
 .text.vTaskMissedYield
                0x00003f06       0x14 ./FreeRTOS/tasks.o
                0x00003f06                vTaskMissedYield
 .text.prvIdleTask
                0x00003f1a       0x14 ./FreeRTOS/tasks.o
 .text.prvInitialiseTaskLists
                0x00003f2e       0x72 ./FreeRTOS/tasks.o
 .text.prvCheckTasksWaitingTermination
                0x00003fa0        0xe ./FreeRTOS/tasks.o
 .text.prvResetNextTaskUnblockTime
                0x00003fae       0x56 ./FreeRTOS/tasks.o
 .text.uxTaskResetEventItemValue
                0x00004004       0x4e ./FreeRTOS/tasks.o
                0x00004004                uxTaskResetEventItemValue
 .text.ulTaskNotifyTake
                0x00004052       0xee ./FreeRTOS/tasks.o
                0x00004052                ulTaskNotifyTake
 .text.xTaskNotifyWait
                0x00004140      0x138 ./FreeRTOS/tasks.o
                0x00004140                xTaskNotifyWait
 .text.xTaskGenericNotify
                0x00004278      0x1ba ./FreeRTOS/tasks.o
                0x00004278                xTaskGenericNotify
 .text.xTaskGenericNotifyFromISR
                0x00004432      0x1f0 ./FreeRTOS/tasks.o
                0x00004432                xTaskGenericNotifyFromISR
 .text.vTaskNotifyGiveFromISR
                0x00004622      0x10c ./FreeRTOS/tasks.o
                0x00004622                vTaskNotifyGiveFromISR
 .text.xTaskNotifyStateClear
                0x0000472e       0x74 ./FreeRTOS/tasks.o
                0x0000472e                xTaskNotifyStateClear
 .text.prvAddCurrentTaskToDelayedList
                0x000047a2       0xcc ./FreeRTOS/tasks.o
 .text.UART_void_init
                0x0000486e       0x3a ./Drivers/MCAL/UART/UART_program.o
                0x0000486e                UART_void_init
 .text.UART_u8_if_available
                0x000048a8       0x1c ./Drivers/MCAL/UART/UART_program.o
                0x000048a8                UART_u8_if_available
 .text.UART_void_transmit_char
                0x000048c4       0x24 ./Drivers/MCAL/UART/UART_program.o
                0x000048c4                UART_void_transmit_char
 .text.UART_void_transmit_str
                0x000048e8       0x74 ./Drivers/MCAL/UART/UART_program.o
                0x000048e8                UART_void_transmit_str
 .text.UART_void_set_Rx_callback
                0x0000495c       0x24 ./Drivers/MCAL/UART/UART_program.o
                0x0000495c                UART_void_set_Rx_callback
 .text.__vector_13
                0x00004980       0x6c ./Drivers/MCAL/UART/UART_program.o
                0x00004980                __vector_13
 .text.__vector_14
                0x000049ec       0x20 ./Drivers/MCAL/UART/UART_program.o
                0x000049ec                __vector_14
 .text.__vector_15
                0x00004a0c       0x5c ./Drivers/MCAL/UART/UART_program.o
                0x00004a0c                __vector_15
 .text.DIO_void_set_port_dir
                0x00004a68       0x32 ./Drivers/MCAL/DIO/DIO_program.o
                0x00004a68                DIO_void_set_port_dir
 .text.DIO_void_set_port_in_pullUp
                0x00004a9a       0x46 ./Drivers/MCAL/DIO/DIO_program.o
                0x00004a9a                DIO_void_set_port_in_pullUp
 .text.DIO_u8_get_PortDir
                0x00004ae0       0x2c ./Drivers/MCAL/DIO/DIO_program.o
                0x00004ae0                DIO_u8_get_PortDir
 .text.DIO_void_set_pin_dir
                0x00004b0c       0xb8 ./Drivers/MCAL/DIO/DIO_program.o
                0x00004b0c                DIO_void_set_pin_dir
 .text.DIO_void_set_pin_in_pullUP
                0x00004bc4       0xa8 ./Drivers/MCAL/DIO/DIO_program.o
                0x00004bc4                DIO_void_set_pin_in_pullUP
 .text.DIO_u8_get_PinDir
                0x00004c6c       0x4a ./Drivers/MCAL/DIO/DIO_program.o
                0x00004c6c                DIO_u8_get_PinDir
 .text.DIO_void_set_port
                0x00004cb6       0x2e ./Drivers/MCAL/DIO/DIO_program.o
                0x00004cb6                DIO_void_set_port
 .text.DIO_void_clear_port
                0x00004ce4       0x2c ./Drivers/MCAL/DIO/DIO_program.o
                0x00004ce4                DIO_void_clear_port
 .text.DIO_void_toggle_port
                0x00004d10       0x44 ./Drivers/MCAL/DIO/DIO_program.o
                0x00004d10                DIO_void_toggle_port
 .text.DIO_void_assign_port
                0x00004d54       0x32 ./Drivers/MCAL/DIO/DIO_program.o
                0x00004d54                DIO_void_assign_port
 .text.DIO_u8_get_PortOut
                0x00004d86       0x2c ./Drivers/MCAL/DIO/DIO_program.o
                0x00004d86                DIO_u8_get_PortOut
 .text.DIO_void_set_pin
                0x00004db2       0x60 ./Drivers/MCAL/DIO/DIO_program.o
                0x00004db2                DIO_void_set_pin
 .text.DIO_void_clear_pin
                0x00004e12       0x62 ./Drivers/MCAL/DIO/DIO_program.o
                0x00004e12                DIO_void_clear_pin
 .text.DIO_void_toggle_pin
                0x00004e74       0x60 ./Drivers/MCAL/DIO/DIO_program.o
                0x00004e74                DIO_void_toggle_pin
 .text.DIO_void_assign_pin
                0x00004ed4       0xb8 ./Drivers/MCAL/DIO/DIO_program.o
                0x00004ed4                DIO_void_assign_pin
 .text.DIO_u8_get_PinOut
                0x00004f8c       0x4a ./Drivers/MCAL/DIO/DIO_program.o
                0x00004f8c                DIO_u8_get_PinOut
 .text.DIO_u8_get_port
                0x00004fd6       0x2c ./Drivers/MCAL/DIO/DIO_program.o
                0x00004fd6                DIO_u8_get_port
 .text.DIO_u8_get_pin
                0x00005002       0x4a ./Drivers/MCAL/DIO/DIO_program.o
                0x00005002                DIO_u8_get_pin
 .text.ADC_void_init
                0x0000504c       0x46 ./Drivers/MCAL/ADC/ADC_program.o
                0x0000504c                ADC_void_init
 .text.ADC_void_config
                0x00005092      0x108 ./Drivers/MCAL/ADC/ADC_program.o
                0x00005092                ADC_void_config
 .text.ADC_void_start_conv
                0x0000519a       0x1c ./Drivers/MCAL/ADC/ADC_program.o
                0x0000519a                ADC_void_start_conv
 .text.ADC_void_read_data
                0x000051b6       0x5a ./Drivers/MCAL/ADC/ADC_program.o
                0x000051b6                ADC_void_read_data
 .text.ADC_void_INIT_callback
                0x00005210       0x24 ./Drivers/MCAL/ADC/ADC_program.o
                0x00005210                ADC_void_INIT_callback
 .text.__vector_16
                0x00005234       0x6e ./Drivers/MCAL/ADC/ADC_program.o
                0x00005234                __vector_16
 .text.Temp_sensor_voidInit
                0x000052a2       0x32 ./Drivers/HAL/Temp_sensor/Temp_sensor_program.o
                0x000052a2                Temp_sensor_voidInit
 .text.Temp_sensor_voidClcTemp
                0x000052d4       0xd8 ./Drivers/HAL/Temp_sensor/Temp_sensor_program.o
                0x000052d4                Temp_sensor_voidClcTemp
 .text.LCD_pow  0x000053ac       0x8c ./Drivers/HAL/LCD/LCD_program.o
                0x000053ac                LCD_pow
 .text.LCD_write_data_8bit
                0x00005438      0x348 ./Drivers/HAL/LCD/LCD_program.o
                0x00005438                LCD_write_data_8bit
 .text.LCD_write_cmd_8bit
                0x00005780      0x348 ./Drivers/HAL/LCD/LCD_program.o
                0x00005780                LCD_write_cmd_8bit
 .text.LCD_read_address_8bit
                0x00005ac8      0x442 ./Drivers/HAL/LCD/LCD_program.o
                0x00005ac8                LCD_read_address_8bit
 .text.LCD_write_data_4bit
                0x00005f0a      0x838 ./Drivers/HAL/LCD/LCD_program.o
                0x00005f0a                LCD_write_data_4bit
 .text.LCD_write_cmd_4bit
                0x00006742      0x838 ./Drivers/HAL/LCD/LCD_program.o
                0x00006742                LCD_write_cmd_4bit
 .text.LCD_function_set_4bit
                0x00006f7a      0xf80 ./Drivers/HAL/LCD/LCD_program.o
                0x00006f7a                LCD_function_set_4bit
 .text.LCD_read_data_4bit
                0x00007efa      0x7fc ./Drivers/HAL/LCD/LCD_program.o
                0x00007efa                LCD_read_data_4bit
 .text.LCD_init
                0x000086f6      0x5c4 ./Drivers/HAL/LCD/LCD_program.o
                0x000086f6                LCD_init
 .text.LCD_set_cursor
                0x00008cba      0x1ce ./Drivers/HAL/LCD/LCD_program.o
                0x00008cba                LCD_set_cursor
 .text.LCD_clear
                0x00008e88      0x1fa ./Drivers/HAL/LCD/LCD_program.o
                0x00008e88                LCD_clear
 .text.LCD_off  0x00009082      0x110 ./Drivers/HAL/LCD/LCD_program.o
                0x00009082                LCD_off
 .text.LCD_on   0x00009192      0x1a8 ./Drivers/HAL/LCD/LCD_program.o
                0x00009192                LCD_on
 .text.LCD_create_char
                0x0000933a       0x1e ./Drivers/HAL/LCD/LCD_program.o
                0x0000933a                LCD_create_char
 .text.LCD_write_char
                0x00009358      0x1aa ./Drivers/HAL/LCD/LCD_program.o
                0x00009358                LCD_write_char
 .text.LCD_write_str
                0x00009502       0x52 ./Drivers/HAL/LCD/LCD_program.o
                0x00009502                LCD_write_str
 .text.LCD_write_s32_number
                0x00009554      0x134 ./Drivers/HAL/LCD/LCD_program.o
                0x00009554                LCD_write_s32_number
 .text.LCD_write_float
                0x00009688       0xdc ./Drivers/HAL/LCD/LCD_program.o
                0x00009688                LCD_write_float
 .text.keypad_init
                0x00009764       0x50 ./Drivers/HAL/KEYPAD/KEYPAD_program.o
                0x00009764                keypad_init
 .text.keypad_read
                0x000097b4       0x94 ./Drivers/HAL/KEYPAD/KEYPAD_program.o
                0x000097b4                keypad_read
 .text.keypad_set_map
                0x00009848       0x86 ./Drivers/HAL/KEYPAD/KEYPAD_program.o
                0x00009848                keypad_set_map
 .text.libgcc   0x000098ce       0x3e d:/engineering/embedded/imt_dip/embedded-tools/winavr/bin/../lib/gcc/avr/4.3.3/avr5\libgcc.a(_mulsi3.o)
                0x000098ce                __mulsi3
 .text.libgcc   0x0000990c       0x28 d:/engineering/embedded/imt_dip/embedded-tools/winavr/bin/../lib/gcc/avr/4.3.3/avr5\libgcc.a(_udivmodhi4.o)
                0x0000990c                __udivmodhi4
 .text.libgcc   0x00009934       0x36 d:/engineering/embedded/imt_dip/embedded-tools/winavr/bin/../lib/gcc/avr/4.3.3/avr5\libgcc.a(_divmodsi4.o)
                0x00009934                __divmodsi4
 .text.libgcc   0x0000996a        0x0 d:/engineering/embedded/imt_dip/embedded-tools/winavr/bin/../lib/gcc/avr/4.3.3/avr5\libgcc.a(_exit.o)
 .text.libgcc   0x0000996a        0x0 d:/engineering/embedded/imt_dip/embedded-tools/winavr/bin/../lib/gcc/avr/4.3.3/avr5\libgcc.a(_copy_data.o)
 .text.libgcc   0x0000996a        0x0 d:/engineering/embedded/imt_dip/embedded-tools/winavr/bin/../lib/gcc/avr/4.3.3/avr5\libgcc.a(_clear_bss.o)
 .text.libgcc   0x0000996a       0x44 d:/engineering/embedded/imt_dip/embedded-tools/winavr/bin/../lib/gcc/avr/4.3.3/avr5\libgcc.a(_udivmodsi4.o)
                0x0000996a                __udivmodsi4
 .text.libgcc   0x000099ae       0x38 d:/engineering/embedded/imt_dip/embedded-tools/winavr/bin/../lib/gcc/avr/4.3.3/avr5\libgcc.a(_prologue.o)
                0x000099ae                __prologue_saves__
 .text.libgcc   0x000099e6       0x36 d:/engineering/embedded/imt_dip/embedded-tools/winavr/bin/../lib/gcc/avr/4.3.3/avr5\libgcc.a(_epilogue.o)
                0x000099e6                __epilogue_restores__
 .text.avr-libc
                0x00009a1c       0x12 d:/engineering/embedded/imt_dip/embedded-tools/winavr/bin/../lib/gcc/avr/4.3.3/../../../../avr/lib/avr5\libc.a(memcpy.o)
                0x00009a1c                memcpy
                0x00009a2e                . = ALIGN (0x2)
 *(.fini9)
 .fini9         0x00009a2e        0x0 d:/engineering/embedded/imt_dip/embedded-tools/winavr/bin/../lib/gcc/avr/4.3.3/avr5\libgcc.a(_exit.o)
                0x00009a2e                exit
                0x00009a2e                _exit
 *(.fini9)
 *(.fini8)
 *(.fini8)
 *(.fini7)
 *(.fini7)
 *(.fini6)
 *(.fini6)
 *(.fini5)
 *(.fini5)
 *(.fini4)
 *(.fini4)
 *(.fini3)
 *(.fini3)
 *(.fini2)
 *(.fini2)
 *(.fini1)
 *(.fini1)
 *(.fini0)
 .fini0         0x00009a2e        0x4 d:/engineering/embedded/imt_dip/embedded-tools/winavr/bin/../lib/gcc/avr/4.3.3/avr5\libgcc.a(_exit.o)
 *(.fini0)
                0x00009a32                _etext = .

.data           0x00800060      0x1b8 load address 0x00009a32
                0x00800060                PROVIDE (__data_start, .)
 *(.data)
 .data          0x00800060        0x0 d:/engineering/embedded/imt_dip/embedded-tools/winavr/bin/../lib/gcc/avr/4.3.3/../../../../avr/lib/avr5/crtm32.o
 .data          0x00800060        0x6 ./SRC/Alarm.o
 .data          0x00800066       0x6f ./SRC/LCDdisp.o
 .data          0x008000d5        0xc ./SRC/TempUpdate.o
 .data          0x008000e1        0x0 ./SRC/UserInput.o
 .data          0x008000e1        0x0 ./SRC/main.o
 .data          0x008000e1        0x0 ./FreeRTOS/croutine.o
 .data          0x008000e1        0x0 ./FreeRTOS/event_groups.o
 .data          0x008000e1        0x0 ./FreeRTOS/heap_1.o
 .data          0x008000e1        0x0 ./FreeRTOS/list.o
 .data          0x008000e1        0x0 ./FreeRTOS/port.o
 .data          0x008000e1        0x0 ./FreeRTOS/queue.o
 .data          0x008000e1        0x5 ./FreeRTOS/tasks.o
 .data          0x008000e6        0x0 ./FreeRTOS/timers.o
 .data          0x008000e6        0x0 ./Drivers/MCAL/UART/UART_program.o
 .data          0x008000e6        0x0 ./Drivers/MCAL/DIO/DIO_program.o
 .data          0x008000e6        0x0 ./Drivers/MCAL/ADC/ADC_program.o
 .data          0x008000e6        0x0 ./Drivers/HAL/Temp_sensor/Temp_sensor_program.o
 .data          0x008000e6        0x0 ./Drivers/HAL/LCD/LCD_program.o
 .data          0x008000e6        0x0 ./Drivers/HAL/KEYPAD/KEYPAD_program.o
 .data          0x008000e6        0x0 d:/engineering/embedded/imt_dip/embedded-tools/winavr/bin/../lib/gcc/avr/4.3.3/avr5\libgcc.a(_mulsi3.o)
 .data          0x008000e6        0x0 d:/engineering/embedded/imt_dip/embedded-tools/winavr/bin/../lib/gcc/avr/4.3.3/avr5\libgcc.a(_udivmodhi4.o)
 .data          0x008000e6        0x0 d:/engineering/embedded/imt_dip/embedded-tools/winavr/bin/../lib/gcc/avr/4.3.3/avr5\libgcc.a(_divmodsi4.o)
 .data          0x008000e6        0x0 d:/engineering/embedded/imt_dip/embedded-tools/winavr/bin/../lib/gcc/avr/4.3.3/avr5\libgcc.a(_exit.o)
 .data          0x008000e6        0x0 d:/engineering/embedded/imt_dip/embedded-tools/winavr/bin/../lib/gcc/avr/4.3.3/avr5\libgcc.a(_copy_data.o)
 .data          0x008000e6        0x0 d:/engineering/embedded/imt_dip/embedded-tools/winavr/bin/../lib/gcc/avr/4.3.3/avr5\libgcc.a(_clear_bss.o)
 .data          0x008000e6        0x0 d:/engineering/embedded/imt_dip/embedded-tools/winavr/bin/../lib/gcc/avr/4.3.3/avr5\libgcc.a(_fixunssfsi.o)
 .data          0x008000e6        0x0 d:/engineering/embedded/imt_dip/embedded-tools/winavr/bin/../lib/gcc/avr/4.3.3/avr5\libgcc.a(_addsub_sf.o)
 .data          0x008000e6        0x0 d:/engineering/embedded/imt_dip/embedded-tools/winavr/bin/../lib/gcc/avr/4.3.3/avr5\libgcc.a(_mul_sf.o)
 .data          0x008000e6        0x0 d:/engineering/embedded/imt_dip/embedded-tools/winavr/bin/../lib/gcc/avr/4.3.3/avr5\libgcc.a(_div_sf.o)
 .data          0x008000e6        0x0 d:/engineering/embedded/imt_dip/embedded-tools/winavr/bin/../lib/gcc/avr/4.3.3/avr5\libgcc.a(_gt_sf.o)
 .data          0x008000e6        0x0 d:/engineering/embedded/imt_dip/embedded-tools/winavr/bin/../lib/gcc/avr/4.3.3/avr5\libgcc.a(_ge_sf.o)
 .data          0x008000e6        0x0 d:/engineering/embedded/imt_dip/embedded-tools/winavr/bin/../lib/gcc/avr/4.3.3/avr5\libgcc.a(_lt_sf.o)
 .data          0x008000e6        0x0 d:/engineering/embedded/imt_dip/embedded-tools/winavr/bin/../lib/gcc/avr/4.3.3/avr5\libgcc.a(_si_to_sf.o)
 .data          0x008000e6        0x0 d:/engineering/embedded/imt_dip/embedded-tools/winavr/bin/../lib/gcc/avr/4.3.3/avr5\libgcc.a(_sf_to_si.o)
 .data          0x008000e6        0x8 d:/engineering/embedded/imt_dip/embedded-tools/winavr/bin/../lib/gcc/avr/4.3.3/avr5\libgcc.a(_thenan_sf.o)
                0x008000e6                __thenan_sf
 .data          0x008000ee        0x0 d:/engineering/embedded/imt_dip/embedded-tools/winavr/bin/../lib/gcc/avr/4.3.3/avr5\libgcc.a(_usi_to_sf.o)
 .data          0x008000ee        0x0 d:/engineering/embedded/imt_dip/embedded-tools/winavr/bin/../lib/gcc/avr/4.3.3/avr5\libgcc.a(_udivmodsi4.o)
 .data          0x008000ee        0x0 d:/engineering/embedded/imt_dip/embedded-tools/winavr/bin/../lib/gcc/avr/4.3.3/avr5\libgcc.a(_prologue.o)
 .data          0x008000ee        0x0 d:/engineering/embedded/imt_dip/embedded-tools/winavr/bin/../lib/gcc/avr/4.3.3/avr5\libgcc.a(_epilogue.o)
 .data          0x008000ee        0x0 d:/engineering/embedded/imt_dip/embedded-tools/winavr/bin/../lib/gcc/avr/4.3.3/avr5\libgcc.a(_clzsi2.o)
 .data          0x008000ee        0x0 d:/engineering/embedded/imt_dip/embedded-tools/winavr/bin/../lib/gcc/avr/4.3.3/avr5\libgcc.a(_pack_sf.o)
 .data          0x008000ee        0x0 d:/engineering/embedded/imt_dip/embedded-tools/winavr/bin/../lib/gcc/avr/4.3.3/avr5\libgcc.a(_unpack_sf.o)
 .data          0x008000ee        0x0 d:/engineering/embedded/imt_dip/embedded-tools/winavr/bin/../lib/gcc/avr/4.3.3/avr5\libgcc.a(_fpcmp_parts_sf.o)
 .data          0x008000ee      0x100 d:/engineering/embedded/imt_dip/embedded-tools/winavr/bin/../lib/gcc/avr/4.3.3/avr5\libgcc.a(_clz.o)
                0x008000ee                __clz_tab
 .data          0x008001ee        0x0 d:/engineering/embedded/imt_dip/embedded-tools/winavr/bin/../lib/gcc/avr/4.3.3/../../../../avr/lib/avr5\libc.a(memcpy.o)
 *(.data*)
 .data.Global_Threshold
                0x008001ee        0x1 ./SRC/UserInput.o
                0x008001ee                Global_Threshold
 .data.Global_AlarmState
                0x008001ef        0x1 ./SRC/UserInput.o
                0x008001ef                Global_AlarmState
 .data.DIO_PINx_REF
                0x008001f0        0x8 ./Drivers/MCAL/DIO/DIO_program.o
 .data.DIO_DDRx_REF
                0x008001f8        0x8 ./Drivers/MCAL/DIO/DIO_program.o
 .data.DIO_PORTx_REF
                0x00800200        0x8 ./Drivers/MCAL/DIO/DIO_program.o
 .data.keypad_map
                0x00800208       0x10 ./Drivers/HAL/KEYPAD/KEYPAD_program.o
                0x00800208                keypad_map
 *(.rodata)
 *(.rodata*)
 *(.gnu.linkonce.d*)
                0x00800218                . = ALIGN (0x2)
                0x00800218                _edata = .
                0x00800218                PROVIDE (__data_end, .)

.bss            0x00800218      0x2bb
                0x00800218                PROVIDE (__bss_start, .)
 *(.bss)
 .bss           0x00800218        0x0 d:/engineering/embedded/imt_dip/embedded-tools/winavr/bin/../lib/gcc/avr/4.3.3/../../../../avr/lib/avr5/crtm32.o
 .bss           0x00800218        0x0 ./SRC/Alarm.o
 .bss           0x00800218        0x0 ./SRC/LCDdisp.o
 .bss           0x00800218        0x0 ./SRC/TempUpdate.o
 .bss           0x00800218        0x0 ./SRC/UserInput.o
 .bss           0x00800218        0x0 ./SRC/main.o
 .bss           0x00800218        0x0 ./FreeRTOS/croutine.o
 .bss           0x00800218        0x0 ./FreeRTOS/event_groups.o
 .bss           0x00800218        0x0 ./FreeRTOS/heap_1.o
 .bss           0x00800218        0x0 ./FreeRTOS/list.o
 .bss           0x00800218        0x0 ./FreeRTOS/port.o
 .bss           0x00800218        0x0 ./FreeRTOS/queue.o
 .bss           0x00800218        0x0 ./FreeRTOS/tasks.o
 .bss           0x00800218        0x0 ./FreeRTOS/timers.o
 .bss           0x00800218        0x0 ./Drivers/MCAL/UART/UART_program.o
 .bss           0x00800218        0x0 ./Drivers/MCAL/DIO/DIO_program.o
 .bss           0x00800218        0x0 ./Drivers/MCAL/ADC/ADC_program.o
 .bss           0x00800218        0x0 ./Drivers/HAL/Temp_sensor/Temp_sensor_program.o
 .bss           0x00800218        0x0 ./Drivers/HAL/LCD/LCD_program.o
 .bss           0x00800218        0x0 ./Drivers/HAL/KEYPAD/KEYPAD_program.o
 .bss           0x00800218        0x0 d:/engineering/embedded/imt_dip/embedded-tools/winavr/bin/../lib/gcc/avr/4.3.3/avr5\libgcc.a(_mulsi3.o)
 .bss           0x00800218        0x0 d:/engineering/embedded/imt_dip/embedded-tools/winavr/bin/../lib/gcc/avr/4.3.3/avr5\libgcc.a(_udivmodhi4.o)
 .bss           0x00800218        0x0 d:/engineering/embedded/imt_dip/embedded-tools/winavr/bin/../lib/gcc/avr/4.3.3/avr5\libgcc.a(_divmodsi4.o)
 .bss           0x00800218        0x0 d:/engineering/embedded/imt_dip/embedded-tools/winavr/bin/../lib/gcc/avr/4.3.3/avr5\libgcc.a(_exit.o)
 .bss           0x00800218        0x0 d:/engineering/embedded/imt_dip/embedded-tools/winavr/bin/../lib/gcc/avr/4.3.3/avr5\libgcc.a(_copy_data.o)
 .bss           0x00800218        0x0 d:/engineering/embedded/imt_dip/embedded-tools/winavr/bin/../lib/gcc/avr/4.3.3/avr5\libgcc.a(_clear_bss.o)
 .bss           0x00800218        0x0 d:/engineering/embedded/imt_dip/embedded-tools/winavr/bin/../lib/gcc/avr/4.3.3/avr5\libgcc.a(_fixunssfsi.o)
 .bss           0x00800218        0x0 d:/engineering/embedded/imt_dip/embedded-tools/winavr/bin/../lib/gcc/avr/4.3.3/avr5\libgcc.a(_addsub_sf.o)
 .bss           0x00800218        0x0 d:/engineering/embedded/imt_dip/embedded-tools/winavr/bin/../lib/gcc/avr/4.3.3/avr5\libgcc.a(_mul_sf.o)
 .bss           0x00800218        0x0 d:/engineering/embedded/imt_dip/embedded-tools/winavr/bin/../lib/gcc/avr/4.3.3/avr5\libgcc.a(_div_sf.o)
 .bss           0x00800218        0x0 d:/engineering/embedded/imt_dip/embedded-tools/winavr/bin/../lib/gcc/avr/4.3.3/avr5\libgcc.a(_gt_sf.o)
 .bss           0x00800218        0x0 d:/engineering/embedded/imt_dip/embedded-tools/winavr/bin/../lib/gcc/avr/4.3.3/avr5\libgcc.a(_ge_sf.o)
 .bss           0x00800218        0x0 d:/engineering/embedded/imt_dip/embedded-tools/winavr/bin/../lib/gcc/avr/4.3.3/avr5\libgcc.a(_lt_sf.o)
 .bss           0x00800218        0x0 d:/engineering/embedded/imt_dip/embedded-tools/winavr/bin/../lib/gcc/avr/4.3.3/avr5\libgcc.a(_si_to_sf.o)
 .bss           0x00800218        0x0 d:/engineering/embedded/imt_dip/embedded-tools/winavr/bin/../lib/gcc/avr/4.3.3/avr5\libgcc.a(_sf_to_si.o)
 .bss           0x00800218        0x0 d:/engineering/embedded/imt_dip/embedded-tools/winavr/bin/../lib/gcc/avr/4.3.3/avr5\libgcc.a(_thenan_sf.o)
 .bss           0x00800218        0x0 d:/engineering/embedded/imt_dip/embedded-tools/winavr/bin/../lib/gcc/avr/4.3.3/avr5\libgcc.a(_usi_to_sf.o)
 .bss           0x00800218        0x0 d:/engineering/embedded/imt_dip/embedded-tools/winavr/bin/../lib/gcc/avr/4.3.3/avr5\libgcc.a(_udivmodsi4.o)
 .bss           0x00800218        0x0 d:/engineering/embedded/imt_dip/embedded-tools/winavr/bin/../lib/gcc/avr/4.3.3/avr5\libgcc.a(_prologue.o)
 .bss           0x00800218        0x0 d:/engineering/embedded/imt_dip/embedded-tools/winavr/bin/../lib/gcc/avr/4.3.3/avr5\libgcc.a(_epilogue.o)
 .bss           0x00800218        0x0 d:/engineering/embedded/imt_dip/embedded-tools/winavr/bin/../lib/gcc/avr/4.3.3/avr5\libgcc.a(_clzsi2.o)
 .bss           0x00800218        0x0 d:/engineering/embedded/imt_dip/embedded-tools/winavr/bin/../lib/gcc/avr/4.3.3/avr5\libgcc.a(_pack_sf.o)
 .bss           0x00800218        0x0 d:/engineering/embedded/imt_dip/embedded-tools/winavr/bin/../lib/gcc/avr/4.3.3/avr5\libgcc.a(_unpack_sf.o)
 .bss           0x00800218        0x0 d:/engineering/embedded/imt_dip/embedded-tools/winavr/bin/../lib/gcc/avr/4.3.3/avr5\libgcc.a(_fpcmp_parts_sf.o)
 .bss           0x00800218        0x0 d:/engineering/embedded/imt_dip/embedded-tools/winavr/bin/../lib/gcc/avr/4.3.3/avr5\libgcc.a(_clz.o)
 .bss           0x00800218        0x0 d:/engineering/embedded/imt_dip/embedded-tools/winavr/bin/../lib/gcc/avr/4.3.3/../../../../avr/lib/avr5\libc.a(memcpy.o)
 *(.bss*)
 .bss.Global_Temp
                0x00800218        0x1 ./SRC/TempUpdate.o
                0x00800218                Global_Temp
 .bss.xNextFreeByte
                0x00800219        0x2 ./FreeRTOS/heap_1.o
 .bss.pucAlignedHeap.1645
                0x0080021b        0x2 ./FreeRTOS/heap_1.o
 .bss.ucHeap    0x0080021d      0x258 ./FreeRTOS/heap_1.o
 .bss.pxCurrentTCB
                0x00800475        0x2 ./FreeRTOS/tasks.o
                0x00800475                pxCurrentTCB
 .bss.uxCurrentNumberOfTasks
                0x00800477        0x1 ./FreeRTOS/tasks.o
 .bss.xTickCount
                0x00800478        0x2 ./FreeRTOS/tasks.o
 .bss.uxTopReadyPriority
                0x0080047a        0x1 ./FreeRTOS/tasks.o
 .bss.xSchedulerRunning
                0x0080047b        0x1 ./FreeRTOS/tasks.o
 .bss.uxPendedTicks
                0x0080047c        0x1 ./FreeRTOS/tasks.o
 .bss.xYieldPending
                0x0080047d        0x1 ./FreeRTOS/tasks.o
 .bss.xNumOfOverflows
                0x0080047e        0x1 ./FreeRTOS/tasks.o
 .bss.uxTaskNumber
                0x0080047f        0x1 ./FreeRTOS/tasks.o
 .bss.xNextTaskUnblockTime
                0x00800480        0x2 ./FreeRTOS/tasks.o
 .bss.xIdleTaskHandle
                0x00800482        0x2 ./FreeRTOS/tasks.o
 .bss.uxSchedulerSuspended
                0x00800484        0x1 ./FreeRTOS/tasks.o
 .bss.pxReadyTasksLists
                0x00800485       0x24 ./FreeRTOS/tasks.o
 .bss.xDelayedTaskList1
                0x008004a9        0x9 ./FreeRTOS/tasks.o
 .bss.xDelayedTaskList2
                0x008004b2        0x9 ./FreeRTOS/tasks.o
 .bss.pxDelayedTaskList
                0x008004bb        0x2 ./FreeRTOS/tasks.o
 .bss.pxOverflowDelayedTaskList
                0x008004bd        0x2 ./FreeRTOS/tasks.o
 .bss.xPendingReadyList
                0x008004bf        0x9 ./FreeRTOS/tasks.o
 .bss.UART_copy_ptr_str
                0x008004c8        0x2 ./Drivers/MCAL/UART/UART_program.o
 .bss.UART_Rx_callback
                0x008004ca        0x2 ./Drivers/MCAL/UART/UART_program.o
 .bss.str_index.1252
                0x008004cc        0x1 ./Drivers/MCAL/UART/UART_program.o
 .bss.callback_functions_address
                0x008004cd        0x2 ./Drivers/MCAL/ADC/ADC_program.o
 .bss.Temp_sensor_config
                0x008004cf        0x2 ./Drivers/HAL/Temp_sensor/Temp_sensor_program.o
                0x008004cf                Temp_sensor_config
 *(COMMON)
 COMMON         0x008004d1        0x2 ./SRC/main.o
                0x008004d1                E_Gr
                0x008004d3                PROVIDE (__bss_end, .)
                0x00009a32                __data_load_start = LOADADDR (.data)
                0x00009bea                __data_load_end = (__data_load_start + SIZEOF (.data))

.noinit         0x008004d3        0x0
                0x008004d3                PROVIDE (__noinit_start, .)
 *(.noinit*)
                0x008004d3                PROVIDE (__noinit_end, .)
                0x008004d3                _end = .
                0x008004d3                PROVIDE (__heap_start, .)

.eeprom         0x00810000        0x0
 *(.eeprom*)
                0x00810000                __eeprom_end = .

.fuse
 *(.fuse)
 *(.lfuse)
 *(.hfuse)
 *(.efuse)

.lock
 *(.lock*)

.signature
 *(.signature*)

.stab           0x00000000     0xb814
 *(.stab)
 .stab          0x00000000      0x7b0 ./SRC/Alarm.o
 .stab          0x000007b0      0x558 ./SRC/LCDdisp.o
                                0xabc (size before relaxing)
 .stab          0x00000d08      0x2dc ./SRC/TempUpdate.o
                                0x840 (size before relaxing)
 .stab          0x00000fe4      0x204 ./SRC/UserInput.o
                                0x768 (size before relaxing)
 .stab          0x000011e8      0x204 ./SRC/main.o
                                0x768 (size before relaxing)
 .stab          0x000013ec      0x444 ./FreeRTOS/croutine.o
                                0x630 (size before relaxing)
 .stab          0x00001830      0xde0 ./FreeRTOS/event_groups.o
                               0x111c (size before relaxing)
 .stab          0x00002610      0x30c ./FreeRTOS/heap_1.o
                                0x7bc (size before relaxing)
 .stab          0x0000291c      0x474 ./FreeRTOS/list.o
                                0x858 (size before relaxing)
 .stab          0x00002d90      0x840 ./FreeRTOS/port.o
                                0xce4 (size before relaxing)
 .stab          0x000035d0     0x1a88 ./FreeRTOS/queue.o
                               0x1f38 (size before relaxing)
 .stab          0x00005058     0x1e00 ./FreeRTOS/tasks.o
                               0x22e0 (size before relaxing)
 .stab          0x00006e58      0x1a4 ./FreeRTOS/timers.o
                                0x6b4 (size before relaxing)
 .stab          0x00006ffc      0x3f0 ./Drivers/MCAL/UART/UART_program.o
                                0x3fc (size before relaxing)
 .stab          0x000073ec      0x6a8 ./Drivers/MCAL/DIO/DIO_program.o
                                0x6b4 (size before relaxing)
 .stab          0x00007a94      0x3a8 ./Drivers/MCAL/ADC/ADC_program.o
                                0x3b4 (size before relaxing)
 .stab          0x00007e3c      0x300 ./Drivers/HAL/Temp_sensor/Temp_sensor_program.o
                                0x30c (size before relaxing)
 .stab          0x0000813c     0x32f4 ./Drivers/HAL/LCD/LCD_program.o
                               0x3480 (size before relaxing)
 .stab          0x0000b430      0x3e4 ./Drivers/HAL/KEYPAD/KEYPAD_program.o
                                0x3f0 (size before relaxing)

.stabstr        0x00000000     0x5f82
 *(.stabstr)
 .stabstr       0x00000000     0x5f82 ./SRC/Alarm.o

.stab.excl
 *(.stab.excl)

.stab.exclstr
 *(.stab.exclstr)

.stab.index
 *(.stab.index)

.stab.indexstr
 *(.stab.indexstr)

.comment
 *(.comment)

.debug
 *(.debug)

.line
 *(.line)

.debug_srcinfo
 *(.debug_srcinfo)

.debug_sfnames
 *(.debug_sfnames)

.debug_aranges  0x00000000      0x1c0
 *(.debug_aranges)
 .debug_aranges
                0x00000000       0x20 d:/engineering/embedded/imt_dip/embedded-tools/winavr/bin/../lib/gcc/avr/4.3.3/avr5\libgcc.a(_fixunssfsi.o)
 .debug_aranges
                0x00000020       0x20 d:/engineering/embedded/imt_dip/embedded-tools/winavr/bin/../lib/gcc/avr/4.3.3/avr5\libgcc.a(_addsub_sf.o)
 .debug_aranges
                0x00000040       0x20 d:/engineering/embedded/imt_dip/embedded-tools/winavr/bin/../lib/gcc/avr/4.3.3/avr5\libgcc.a(_mul_sf.o)
 .debug_aranges
                0x00000060       0x20 d:/engineering/embedded/imt_dip/embedded-tools/winavr/bin/../lib/gcc/avr/4.3.3/avr5\libgcc.a(_div_sf.o)
 .debug_aranges
                0x00000080       0x20 d:/engineering/embedded/imt_dip/embedded-tools/winavr/bin/../lib/gcc/avr/4.3.3/avr5\libgcc.a(_gt_sf.o)
 .debug_aranges
                0x000000a0       0x20 d:/engineering/embedded/imt_dip/embedded-tools/winavr/bin/../lib/gcc/avr/4.3.3/avr5\libgcc.a(_ge_sf.o)
 .debug_aranges
                0x000000c0       0x20 d:/engineering/embedded/imt_dip/embedded-tools/winavr/bin/../lib/gcc/avr/4.3.3/avr5\libgcc.a(_lt_sf.o)
 .debug_aranges
                0x000000e0       0x20 d:/engineering/embedded/imt_dip/embedded-tools/winavr/bin/../lib/gcc/avr/4.3.3/avr5\libgcc.a(_si_to_sf.o)
 .debug_aranges
                0x00000100       0x20 d:/engineering/embedded/imt_dip/embedded-tools/winavr/bin/../lib/gcc/avr/4.3.3/avr5\libgcc.a(_sf_to_si.o)
 .debug_aranges
                0x00000120       0x20 d:/engineering/embedded/imt_dip/embedded-tools/winavr/bin/../lib/gcc/avr/4.3.3/avr5\libgcc.a(_usi_to_sf.o)
 .debug_aranges
                0x00000140       0x20 d:/engineering/embedded/imt_dip/embedded-tools/winavr/bin/../lib/gcc/avr/4.3.3/avr5\libgcc.a(_clzsi2.o)
 .debug_aranges
                0x00000160       0x20 d:/engineering/embedded/imt_dip/embedded-tools/winavr/bin/../lib/gcc/avr/4.3.3/avr5\libgcc.a(_pack_sf.o)
 .debug_aranges
                0x00000180       0x20 d:/engineering/embedded/imt_dip/embedded-tools/winavr/bin/../lib/gcc/avr/4.3.3/avr5\libgcc.a(_unpack_sf.o)
 .debug_aranges
                0x000001a0       0x20 d:/engineering/embedded/imt_dip/embedded-tools/winavr/bin/../lib/gcc/avr/4.3.3/avr5\libgcc.a(_fpcmp_parts_sf.o)

.debug_pubnames
                0x00000000      0x214
 *(.debug_pubnames)
 .debug_pubnames
                0x00000000       0x23 d:/engineering/embedded/imt_dip/embedded-tools/winavr/bin/../lib/gcc/avr/4.3.3/avr5\libgcc.a(_fixunssfsi.o)
 .debug_pubnames
                0x00000023       0x2c d:/engineering/embedded/imt_dip/embedded-tools/winavr/bin/../lib/gcc/avr/4.3.3/avr5\libgcc.a(_addsub_sf.o)
 .debug_pubnames
                0x0000004f       0x1f d:/engineering/embedded/imt_dip/embedded-tools/winavr/bin/../lib/gcc/avr/4.3.3/avr5\libgcc.a(_mul_sf.o)
 .debug_pubnames
                0x0000006e       0x1f d:/engineering/embedded/imt_dip/embedded-tools/winavr/bin/../lib/gcc/avr/4.3.3/avr5\libgcc.a(_div_sf.o)
 .debug_pubnames
                0x0000008d       0x1e d:/engineering/embedded/imt_dip/embedded-tools/winavr/bin/../lib/gcc/avr/4.3.3/avr5\libgcc.a(_gt_sf.o)
 .debug_pubnames
                0x000000ab       0x1e d:/engineering/embedded/imt_dip/embedded-tools/winavr/bin/../lib/gcc/avr/4.3.3/avr5\libgcc.a(_ge_sf.o)
 .debug_pubnames
                0x000000c9       0x1e d:/engineering/embedded/imt_dip/embedded-tools/winavr/bin/../lib/gcc/avr/4.3.3/avr5\libgcc.a(_lt_sf.o)
 .debug_pubnames
                0x000000e7       0x22 d:/engineering/embedded/imt_dip/embedded-tools/winavr/bin/../lib/gcc/avr/4.3.3/avr5\libgcc.a(_si_to_sf.o)
 .debug_pubnames
                0x00000109       0x20 d:/engineering/embedded/imt_dip/embedded-tools/winavr/bin/../lib/gcc/avr/4.3.3/avr5\libgcc.a(_sf_to_si.o)
 .debug_pubnames
                0x00000129       0x22 d:/engineering/embedded/imt_dip/embedded-tools/winavr/bin/../lib/gcc/avr/4.3.3/avr5\libgcc.a(_thenan_sf.o)
 .debug_pubnames
                0x0000014b       0x24 d:/engineering/embedded/imt_dip/embedded-tools/winavr/bin/../lib/gcc/avr/4.3.3/avr5\libgcc.a(_usi_to_sf.o)
 .debug_pubnames
                0x0000016f       0x1f d:/engineering/embedded/imt_dip/embedded-tools/winavr/bin/../lib/gcc/avr/4.3.3/avr5\libgcc.a(_clzsi2.o)
 .debug_pubnames
                0x0000018e       0x1f d:/engineering/embedded/imt_dip/embedded-tools/winavr/bin/../lib/gcc/avr/4.3.3/avr5\libgcc.a(_pack_sf.o)
 .debug_pubnames
                0x000001ad       0x21 d:/engineering/embedded/imt_dip/embedded-tools/winavr/bin/../lib/gcc/avr/4.3.3/avr5\libgcc.a(_unpack_sf.o)
 .debug_pubnames
                0x000001ce       0x26 d:/engineering/embedded/imt_dip/embedded-tools/winavr/bin/../lib/gcc/avr/4.3.3/avr5\libgcc.a(_fpcmp_parts_sf.o)
 .debug_pubnames
                0x000001f4       0x20 d:/engineering/embedded/imt_dip/embedded-tools/winavr/bin/../lib/gcc/avr/4.3.3/avr5\libgcc.a(_clz.o)

.debug_info     0x00000000     0x2612
 *(.debug_info)
 .debug_info    0x00000000       0xb1 d:/engineering/embedded/imt_dip/embedded-tools/winavr/bin/../lib/gcc/avr/4.3.3/avr5\libgcc.a(_fixunssfsi.o)
 .debug_info    0x000000b1      0x47a d:/engineering/embedded/imt_dip/embedded-tools/winavr/bin/../lib/gcc/avr/4.3.3/avr5\libgcc.a(_addsub_sf.o)
 .debug_info    0x0000052b      0x485 d:/engineering/embedded/imt_dip/embedded-tools/winavr/bin/../lib/gcc/avr/4.3.3/avr5\libgcc.a(_mul_sf.o)
 .debug_info    0x000009b0      0x3fc d:/engineering/embedded/imt_dip/embedded-tools/winavr/bin/../lib/gcc/avr/4.3.3/avr5\libgcc.a(_div_sf.o)
 .debug_info    0x00000dac      0x27f d:/engineering/embedded/imt_dip/embedded-tools/winavr/bin/../lib/gcc/avr/4.3.3/avr5\libgcc.a(_gt_sf.o)
 .debug_info    0x0000102b      0x27f d:/engineering/embedded/imt_dip/embedded-tools/winavr/bin/../lib/gcc/avr/4.3.3/avr5\libgcc.a(_ge_sf.o)
 .debug_info    0x000012aa      0x27f d:/engineering/embedded/imt_dip/embedded-tools/winavr/bin/../lib/gcc/avr/4.3.3/avr5\libgcc.a(_lt_sf.o)
 .debug_info    0x00001529      0x207 d:/engineering/embedded/imt_dip/embedded-tools/winavr/bin/../lib/gcc/avr/4.3.3/avr5\libgcc.a(_si_to_sf.o)
 .debug_info    0x00001730      0x2b0 d:/engineering/embedded/imt_dip/embedded-tools/winavr/bin/../lib/gcc/avr/4.3.3/avr5\libgcc.a(_sf_to_si.o)
 .debug_info    0x000019e0      0x12c d:/engineering/embedded/imt_dip/embedded-tools/winavr/bin/../lib/gcc/avr/4.3.3/avr5\libgcc.a(_thenan_sf.o)
 .debug_info    0x00001b0c      0x206 d:/engineering/embedded/imt_dip/embedded-tools/winavr/bin/../lib/gcc/avr/4.3.3/avr5\libgcc.a(_usi_to_sf.o)
 .debug_info    0x00001d12      0x117 d:/engineering/embedded/imt_dip/embedded-tools/winavr/bin/../lib/gcc/avr/4.3.3/avr5\libgcc.a(_clzsi2.o)
 .debug_info    0x00001e29      0x2df d:/engineering/embedded/imt_dip/embedded-tools/winavr/bin/../lib/gcc/avr/4.3.3/avr5\libgcc.a(_pack_sf.o)
 .debug_info    0x00002108      0x251 d:/engineering/embedded/imt_dip/embedded-tools/winavr/bin/../lib/gcc/avr/4.3.3/avr5\libgcc.a(_unpack_sf.o)
 .debug_info    0x00002359      0x210 d:/engineering/embedded/imt_dip/embedded-tools/winavr/bin/../lib/gcc/avr/4.3.3/avr5\libgcc.a(_fpcmp_parts_sf.o)
 .debug_info    0x00002569       0xa9 d:/engineering/embedded/imt_dip/embedded-tools/winavr/bin/../lib/gcc/avr/4.3.3/avr5\libgcc.a(_clz.o)
 *(.gnu.linkonce.wi.*)

.debug_abbrev   0x00000000     0x14ce
 *(.debug_abbrev)
 .debug_abbrev  0x00000000       0x5d d:/engineering/embedded/imt_dip/embedded-tools/winavr/bin/../lib/gcc/avr/4.3.3/avr5\libgcc.a(_fixunssfsi.o)
 .debug_abbrev  0x0000005d      0x1ea d:/engineering/embedded/imt_dip/embedded-tools/winavr/bin/../lib/gcc/avr/4.3.3/avr5\libgcc.a(_addsub_sf.o)
 .debug_abbrev  0x00000247      0x21b d:/engineering/embedded/imt_dip/embedded-tools/winavr/bin/../lib/gcc/avr/4.3.3/avr5\libgcc.a(_mul_sf.o)
 .debug_abbrev  0x00000462      0x216 d:/engineering/embedded/imt_dip/embedded-tools/winavr/bin/../lib/gcc/avr/4.3.3/avr5\libgcc.a(_div_sf.o)
 .debug_abbrev  0x00000678      0x15a d:/engineering/embedded/imt_dip/embedded-tools/winavr/bin/../lib/gcc/avr/4.3.3/avr5\libgcc.a(_gt_sf.o)
 .debug_abbrev  0x000007d2      0x15a d:/engineering/embedded/imt_dip/embedded-tools/winavr/bin/../lib/gcc/avr/4.3.3/avr5\libgcc.a(_ge_sf.o)
 .debug_abbrev  0x0000092c      0x15a d:/engineering/embedded/imt_dip/embedded-tools/winavr/bin/../lib/gcc/avr/4.3.3/avr5\libgcc.a(_lt_sf.o)
 .debug_abbrev  0x00000a86      0x148 d:/engineering/embedded/imt_dip/embedded-tools/winavr/bin/../lib/gcc/avr/4.3.3/avr5\libgcc.a(_si_to_sf.o)
 .debug_abbrev  0x00000bce      0x17f d:/engineering/embedded/imt_dip/embedded-tools/winavr/bin/../lib/gcc/avr/4.3.3/avr5\libgcc.a(_sf_to_si.o)
 .debug_abbrev  0x00000d4d       0xad d:/engineering/embedded/imt_dip/embedded-tools/winavr/bin/../lib/gcc/avr/4.3.3/avr5\libgcc.a(_thenan_sf.o)
 .debug_abbrev  0x00000dfa      0x157 d:/engineering/embedded/imt_dip/embedded-tools/winavr/bin/../lib/gcc/avr/4.3.3/avr5\libgcc.a(_usi_to_sf.o)
 .debug_abbrev  0x00000f51       0xc4 d:/engineering/embedded/imt_dip/embedded-tools/winavr/bin/../lib/gcc/avr/4.3.3/avr5\libgcc.a(_clzsi2.o)
 .debug_abbrev  0x00001015      0x1c0 d:/engineering/embedded/imt_dip/embedded-tools/winavr/bin/../lib/gcc/avr/4.3.3/avr5\libgcc.a(_pack_sf.o)
 .debug_abbrev  0x000011d5      0x154 d:/engineering/embedded/imt_dip/embedded-tools/winavr/bin/../lib/gcc/avr/4.3.3/avr5\libgcc.a(_unpack_sf.o)
 .debug_abbrev  0x00001329      0x13b d:/engineering/embedded/imt_dip/embedded-tools/winavr/bin/../lib/gcc/avr/4.3.3/avr5\libgcc.a(_fpcmp_parts_sf.o)
 .debug_abbrev  0x00001464       0x6a d:/engineering/embedded/imt_dip/embedded-tools/winavr/bin/../lib/gcc/avr/4.3.3/avr5\libgcc.a(_clz.o)

.debug_line     0x00000000     0x130b
 *(.debug_line)
 .debug_line    0x00000000       0xa7 d:/engineering/embedded/imt_dip/embedded-tools/winavr/bin/../lib/gcc/avr/4.3.3/avr5\libgcc.a(_fixunssfsi.o)
 .debug_line    0x000000a7      0x2af d:/engineering/embedded/imt_dip/embedded-tools/winavr/bin/../lib/gcc/avr/4.3.3/avr5\libgcc.a(_addsub_sf.o)
 .debug_line    0x00000356      0x239 d:/engineering/embedded/imt_dip/embedded-tools/winavr/bin/../lib/gcc/avr/4.3.3/avr5\libgcc.a(_mul_sf.o)
 .debug_line    0x0000058f      0x1d5 d:/engineering/embedded/imt_dip/embedded-tools/winavr/bin/../lib/gcc/avr/4.3.3/avr5\libgcc.a(_div_sf.o)
 .debug_line    0x00000764       0xd3 d:/engineering/embedded/imt_dip/embedded-tools/winavr/bin/../lib/gcc/avr/4.3.3/avr5\libgcc.a(_gt_sf.o)
 .debug_line    0x00000837       0xd3 d:/engineering/embedded/imt_dip/embedded-tools/winavr/bin/../lib/gcc/avr/4.3.3/avr5\libgcc.a(_ge_sf.o)
 .debug_line    0x0000090a       0xd3 d:/engineering/embedded/imt_dip/embedded-tools/winavr/bin/../lib/gcc/avr/4.3.3/avr5\libgcc.a(_lt_sf.o)
 .debug_line    0x000009dd      0x135 d:/engineering/embedded/imt_dip/embedded-tools/winavr/bin/../lib/gcc/avr/4.3.3/avr5\libgcc.a(_si_to_sf.o)
 .debug_line    0x00000b12      0x109 d:/engineering/embedded/imt_dip/embedded-tools/winavr/bin/../lib/gcc/avr/4.3.3/avr5\libgcc.a(_sf_to_si.o)
 .debug_line    0x00000c1b       0x90 d:/engineering/embedded/imt_dip/embedded-tools/winavr/bin/../lib/gcc/avr/4.3.3/avr5\libgcc.a(_thenan_sf.o)
 .debug_line    0x00000cab      0x133 d:/engineering/embedded/imt_dip/embedded-tools/winavr/bin/../lib/gcc/avr/4.3.3/avr5\libgcc.a(_usi_to_sf.o)
 .debug_line    0x00000dde       0xa5 d:/engineering/embedded/imt_dip/embedded-tools/winavr/bin/../lib/gcc/avr/4.3.3/avr5\libgcc.a(_clzsi2.o)
 .debug_line    0x00000e83      0x18a d:/engineering/embedded/imt_dip/embedded-tools/winavr/bin/../lib/gcc/avr/4.3.3/avr5\libgcc.a(_pack_sf.o)
 .debug_line    0x0000100d      0x14b d:/engineering/embedded/imt_dip/embedded-tools/winavr/bin/../lib/gcc/avr/4.3.3/avr5\libgcc.a(_unpack_sf.o)
 .debug_line    0x00001158      0x137 d:/engineering/embedded/imt_dip/embedded-tools/winavr/bin/../lib/gcc/avr/4.3.3/avr5\libgcc.a(_fpcmp_parts_sf.o)
 .debug_line    0x0000128f       0x7c d:/engineering/embedded/imt_dip/embedded-tools/winavr/bin/../lib/gcc/avr/4.3.3/avr5\libgcc.a(_clz.o)

.debug_frame    0x00000000      0x1e0
 *(.debug_frame)
 .debug_frame   0x00000000       0x20 d:/engineering/embedded/imt_dip/embedded-tools/winavr/bin/../lib/gcc/avr/4.3.3/avr5\libgcc.a(_fixunssfsi.o)
 .debug_frame   0x00000020       0x40 d:/engineering/embedded/imt_dip/embedded-tools/winavr/bin/../lib/gcc/avr/4.3.3/avr5\libgcc.a(_addsub_sf.o)
 .debug_frame   0x00000060       0x20 d:/engineering/embedded/imt_dip/embedded-tools/winavr/bin/../lib/gcc/avr/4.3.3/avr5\libgcc.a(_mul_sf.o)
 .debug_frame   0x00000080       0x20 d:/engineering/embedded/imt_dip/embedded-tools/winavr/bin/../lib/gcc/avr/4.3.3/avr5\libgcc.a(_div_sf.o)
 .debug_frame   0x000000a0       0x20 d:/engineering/embedded/imt_dip/embedded-tools/winavr/bin/../lib/gcc/avr/4.3.3/avr5\libgcc.a(_gt_sf.o)
 .debug_frame   0x000000c0       0x20 d:/engineering/embedded/imt_dip/embedded-tools/winavr/bin/../lib/gcc/avr/4.3.3/avr5\libgcc.a(_ge_sf.o)
 .debug_frame   0x000000e0       0x20 d:/engineering/embedded/imt_dip/embedded-tools/winavr/bin/../lib/gcc/avr/4.3.3/avr5\libgcc.a(_lt_sf.o)
 .debug_frame   0x00000100       0x20 d:/engineering/embedded/imt_dip/embedded-tools/winavr/bin/../lib/gcc/avr/4.3.3/avr5\libgcc.a(_si_to_sf.o)
 .debug_frame   0x00000120       0x20 d:/engineering/embedded/imt_dip/embedded-tools/winavr/bin/../lib/gcc/avr/4.3.3/avr5\libgcc.a(_sf_to_si.o)
 .debug_frame   0x00000140       0x20 d:/engineering/embedded/imt_dip/embedded-tools/winavr/bin/../lib/gcc/avr/4.3.3/avr5\libgcc.a(_usi_to_sf.o)
 .debug_frame   0x00000160       0x20 d:/engineering/embedded/imt_dip/embedded-tools/winavr/bin/../lib/gcc/avr/4.3.3/avr5\libgcc.a(_clzsi2.o)
 .debug_frame   0x00000180       0x20 d:/engineering/embedded/imt_dip/embedded-tools/winavr/bin/../lib/gcc/avr/4.3.3/avr5\libgcc.a(_pack_sf.o)
 .debug_frame   0x000001a0       0x20 d:/engineering/embedded/imt_dip/embedded-tools/winavr/bin/../lib/gcc/avr/4.3.3/avr5\libgcc.a(_unpack_sf.o)
 .debug_frame   0x000001c0       0x20 d:/engineering/embedded/imt_dip/embedded-tools/winavr/bin/../lib/gcc/avr/4.3.3/avr5\libgcc.a(_fpcmp_parts_sf.o)

.debug_str      0x00000000      0x307
 *(.debug_str)
 .debug_str     0x00000000       0xbf d:/engineering/embedded/imt_dip/embedded-tools/winavr/bin/../lib/gcc/avr/4.3.3/avr5\libgcc.a(_fixunssfsi.o)
                                 0xfe (size before relaxing)
 .debug_str     0x000000bf      0x14d d:/engineering/embedded/imt_dip/embedded-tools/winavr/bin/../lib/gcc/avr/4.3.3/avr5\libgcc.a(_addsub_sf.o)
                                0x206 (size before relaxing)
 .debug_str     0x0000020c       0x27 d:/engineering/embedded/imt_dip/embedded-tools/winavr/bin/../lib/gcc/avr/4.3.3/avr5\libgcc.a(_mul_sf.o)
                                0x1bf (size before relaxing)
 .debug_str     0x00000233       0x35 d:/engineering/embedded/imt_dip/embedded-tools/winavr/bin/../lib/gcc/avr/4.3.3/avr5\libgcc.a(_div_sf.o)
                                0x1c8 (size before relaxing)
 .debug_str     0x00000268        0x8 d:/engineering/embedded/imt_dip/embedded-tools/winavr/bin/../lib/gcc/avr/4.3.3/avr5\libgcc.a(_gt_sf.o)
                                0x195 (size before relaxing)
 .debug_str     0x00000270        0x8 d:/engineering/embedded/imt_dip/embedded-tools/winavr/bin/../lib/gcc/avr/4.3.3/avr5\libgcc.a(_ge_sf.o)
                                0x195 (size before relaxing)
 .debug_str     0x00000278        0x8 d:/engineering/embedded/imt_dip/embedded-tools/winavr/bin/../lib/gcc/avr/4.3.3/avr5\libgcc.a(_lt_sf.o)
                                0x195 (size before relaxing)
 .debug_str     0x00000280       0x1e d:/engineering/embedded/imt_dip/embedded-tools/winavr/bin/../lib/gcc/avr/4.3.3/avr5\libgcc.a(_si_to_sf.o)
                                0x17b (size before relaxing)
 .debug_str     0x0000029e        0xa d:/engineering/embedded/imt_dip/embedded-tools/winavr/bin/../lib/gcc/avr/4.3.3/avr5\libgcc.a(_sf_to_si.o)
                                0x19e (size before relaxing)
 .debug_str     0x00000000      0x103 d:/engineering/embedded/imt_dip/embedded-tools/winavr/bin/../lib/gcc/avr/4.3.3/avr5\libgcc.a(_thenan_sf.o)
 .debug_str     0x000002a8       0x14 d:/engineering/embedded/imt_dip/embedded-tools/winavr/bin/../lib/gcc/avr/4.3.3/avr5\libgcc.a(_usi_to_sf.o)
                                0x177 (size before relaxing)
 .debug_str     0x000002bc       0x20 d:/engineering/embedded/imt_dip/embedded-tools/winavr/bin/../lib/gcc/avr/4.3.3/avr5\libgcc.a(_clzsi2.o)
                                0x111 (size before relaxing)
 .debug_str     0x000002dc       0x10 d:/engineering/embedded/imt_dip/embedded-tools/winavr/bin/../lib/gcc/avr/4.3.3/avr5\libgcc.a(_pack_sf.o)
                                0x19d (size before relaxing)
 .debug_str     0x000002ec        0xb d:/engineering/embedded/imt_dip/embedded-tools/winavr/bin/../lib/gcc/avr/4.3.3/avr5\libgcc.a(_unpack_sf.o)
                                0x17f (size before relaxing)
 .debug_str     0x000002f7       0x10 d:/engineering/embedded/imt_dip/embedded-tools/winavr/bin/../lib/gcc/avr/4.3.3/avr5\libgcc.a(_fpcmp_parts_sf.o)
                                0x163 (size before relaxing)
 .debug_str     0x00000000       0xf4 d:/engineering/embedded/imt_dip/embedded-tools/winavr/bin/../lib/gcc/avr/4.3.3/avr5\libgcc.a(_clz.o)

.debug_loc      0x00000000      0xa1a
 *(.debug_loc)
 .debug_loc     0x00000000       0x34 d:/engineering/embedded/imt_dip/embedded-tools/winavr/bin/../lib/gcc/avr/4.3.3/avr5\libgcc.a(_fixunssfsi.o)
 .debug_loc     0x00000034      0x32a d:/engineering/embedded/imt_dip/embedded-tools/winavr/bin/../lib/gcc/avr/4.3.3/avr5\libgcc.a(_addsub_sf.o)
 .debug_loc     0x0000035e      0x104 d:/engineering/embedded/imt_dip/embedded-tools/winavr/bin/../lib/gcc/avr/4.3.3/avr5\libgcc.a(_mul_sf.o)
 .debug_loc     0x00000462       0xc0 d:/engineering/embedded/imt_dip/embedded-tools/winavr/bin/../lib/gcc/avr/4.3.3/avr5\libgcc.a(_div_sf.o)
 .debug_loc     0x00000522       0x3c d:/engineering/embedded/imt_dip/embedded-tools/winavr/bin/../lib/gcc/avr/4.3.3/avr5\libgcc.a(_gt_sf.o)
 .debug_loc     0x0000055e       0x3c d:/engineering/embedded/imt_dip/embedded-tools/winavr/bin/../lib/gcc/avr/4.3.3/avr5\libgcc.a(_ge_sf.o)
 .debug_loc     0x0000059a       0x3c d:/engineering/embedded/imt_dip/embedded-tools/winavr/bin/../lib/gcc/avr/4.3.3/avr5\libgcc.a(_lt_sf.o)
 .debug_loc     0x000005d6       0xac d:/engineering/embedded/imt_dip/embedded-tools/winavr/bin/../lib/gcc/avr/4.3.3/avr5\libgcc.a(_si_to_sf.o)
 .debug_loc     0x00000682       0x7e d:/engineering/embedded/imt_dip/embedded-tools/winavr/bin/../lib/gcc/avr/4.3.3/avr5\libgcc.a(_sf_to_si.o)
 .debug_loc     0x00000700       0x4c d:/engineering/embedded/imt_dip/embedded-tools/winavr/bin/../lib/gcc/avr/4.3.3/avr5\libgcc.a(_usi_to_sf.o)
 .debug_loc     0x0000074c       0x94 d:/engineering/embedded/imt_dip/embedded-tools/winavr/bin/../lib/gcc/avr/4.3.3/avr5\libgcc.a(_clzsi2.o)
 .debug_loc     0x000007e0      0x13e d:/engineering/embedded/imt_dip/embedded-tools/winavr/bin/../lib/gcc/avr/4.3.3/avr5\libgcc.a(_pack_sf.o)
 .debug_loc     0x0000091e       0xac d:/engineering/embedded/imt_dip/embedded-tools/winavr/bin/../lib/gcc/avr/4.3.3/avr5\libgcc.a(_unpack_sf.o)
 .debug_loc     0x000009ca       0x50 d:/engineering/embedded/imt_dip/embedded-tools/winavr/bin/../lib/gcc/avr/4.3.3/avr5\libgcc.a(_fpcmp_parts_sf.o)

.debug_macinfo
 *(.debug_macinfo)
OUTPUT(NTI_RTOS_PROJ_TempMonitorSys.elf elf32-avr)
LOAD linker stubs

.debug_ranges   0x00000000       0x50
 .debug_ranges  0x00000000       0x50 d:/engineering/embedded/imt_dip/embedded-tools/winavr/bin/../lib/gcc/avr/4.3.3/avr5\libgcc.a(_mul_sf.o)
